<?xml version="1.0" encoding="ISO-8859-1" ?>
<link_info>
   <banner>TI ARM Linker PC v20.2.7.LTS</banner>
   <copyright>Copyright (c) 1996-2018 Texas Instruments Incorporated</copyright>
   <link_time>0x68473c60</link_time>
   <link_errors>0x0</link_errors>
   <output_file>Final_Assignment.out</output_file>
   <entry_point>
      <name>_c_int00_noargs</name>
      <address>0x5959</address>
   </entry_point>
   <input_file_list>
      <input_file id="fl-2">
         <path>.\</path>
         <kind>object</kind>
         <file>UI_task.obj</file>
         <name>UI_task.obj</name>
      </input_file>
      <input_file id="fl-3">
         <path>.\</path>
         <kind>object</kind>
         <file>adc.obj</file>
         <name>adc.obj</name>
      </input_file>
      <input_file id="fl-4">
         <path>.\</path>
         <kind>object</kind>
         <file>btn.obj</file>
         <name>btn.obj</name>
      </input_file>
      <input_file id="fl-5">
         <path>.\</path>
         <kind>object</kind>
         <file>elevator.obj</file>
         <name>elevator.obj</name>
      </input_file>
      <input_file id="fl-6">
         <path>.\</path>
         <kind>object</kind>
         <file>gpio.obj</file>
         <name>gpio.obj</name>
      </input_file>
      <input_file id="fl-7">
         <path>.\</path>
         <kind>object</kind>
         <file>heap_2.obj</file>
         <name>heap_2.obj</name>
      </input_file>
      <input_file id="fl-8">
         <path>.\</path>
         <kind>object</kind>
         <file>key.obj</file>
         <name>key.obj</name>
      </input_file>
      <input_file id="fl-9">
         <path>.\</path>
         <kind>object</kind>
         <file>lcd.obj</file>
         <name>lcd.obj</name>
      </input_file>
      <input_file id="fl-a">
         <path>.\</path>
         <kind>object</kind>
         <file>leds.obj</file>
         <name>leds.obj</name>
      </input_file>
      <input_file id="fl-b">
         <path>.\</path>
         <kind>object</kind>
         <file>list.obj</file>
         <name>list.obj</name>
      </input_file>
      <input_file id="fl-c">
         <path>.\</path>
         <kind>object</kind>
         <file>main.obj</file>
         <name>main.obj</name>
      </input_file>
      <input_file id="fl-d">
         <path>.\</path>
         <kind>object</kind>
         <file>messages.obj</file>
         <name>messages.obj</name>
      </input_file>
      <input_file id="fl-e">
         <path>.\</path>
         <kind>object</kind>
         <file>port.obj</file>
         <name>port.obj</name>
      </input_file>
      <input_file id="fl-f">
         <path>.\</path>
         <kind>object</kind>
         <file>portasm.obj</file>
         <name>portasm.obj</name>
      </input_file>
      <input_file id="fl-10">
         <path>.\</path>
         <kind>object</kind>
         <file>queue.obj</file>
         <name>queue.obj</name>
      </input_file>
      <input_file id="fl-11">
         <path>.\</path>
         <kind>object</kind>
         <file>rotary_encoder.obj</file>
         <name>rotary_encoder.obj</name>
      </input_file>
      <input_file id="fl-12">
         <path>.\</path>
         <kind>object</kind>
         <file>startup_frt.obj</file>
         <name>startup_frt.obj</name>
      </input_file>
      <input_file id="fl-13">
         <path>.\</path>
         <kind>object</kind>
         <file>systick_frt.obj</file>
         <name>systick_frt.obj</name>
      </input_file>
      <input_file id="fl-14">
         <path>.\</path>
         <kind>object</kind>
         <file>tasks.obj</file>
         <name>tasks.obj</name>
      </input_file>
      <input_file id="fl-18">
         <kind>object</kind>
         <file>&lt;internal&gt;</file>
         <name>&lt;internal&gt;</name>
      </input_file>
      <input_file id="fl-ce">
         <path>C:\ti\ccs1260\ccs\tools\compiler\ti-cgt-arm_20.2.7.LTS\lib\</path>
         <kind>archive</kind>
         <file>rtsv7M4_T_le_v4SPD16_eabi.lib</file>
         <name>memcpy_t2.asm.obj</name>
      </input_file>
      <input_file id="fl-cf">
         <path>C:\ti\ccs1260\ccs\tools\compiler\ti-cgt-arm_20.2.7.LTS\lib\</path>
         <kind>archive</kind>
         <file>rtsv7M4_T_le_v4SPD16_eabi.lib</file>
         <name>memset_t2.asm.obj</name>
      </input_file>
      <input_file id="fl-d0">
         <path>C:\ti\ccs1260\ccs\tools\compiler\ti-cgt-arm_20.2.7.LTS\lib\</path>
         <kind>archive</kind>
         <file>rtsv7M4_T_le_v4SPD16_eabi.lib</file>
         <name>copy_zero_init.c.obj</name>
      </input_file>
      <input_file id="fl-d1">
         <path>C:\ti\ccs1260\ccs\tools\compiler\ti-cgt-arm_20.2.7.LTS\lib\</path>
         <kind>archive</kind>
         <file>rtsv7M4_T_le_v4SPD16_eabi.lib</file>
         <name>copy_decompress_none.c.obj</name>
      </input_file>
      <input_file id="fl-d2">
         <path>C:\ti\ccs1260\ccs\tools\compiler\ti-cgt-arm_20.2.7.LTS\lib\</path>
         <kind>archive</kind>
         <file>rtsv7M4_T_le_v4SPD16_eabi.lib</file>
         <name>copy_decompress_lzss.c.obj</name>
      </input_file>
      <input_file id="fl-d3">
         <path>C:\ti\ccs1260\ccs\tools\compiler\ti-cgt-arm_20.2.7.LTS\lib\</path>
         <kind>archive</kind>
         <file>rtsv7M4_T_le_v4SPD16_eabi.lib</file>
         <name>rand.c.obj</name>
      </input_file>
      <input_file id="fl-d4">
         <path>C:\ti\ccs1260\ccs\tools\compiler\ti-cgt-arm_20.2.7.LTS\lib\</path>
         <kind>archive</kind>
         <file>rtsv7M4_T_le_v4SPD16_eabi.lib</file>
         <name>boot_cortex_m.c.obj</name>
      </input_file>
      <input_file id="fl-d5">
         <path>C:\ti\ccs1260\ccs\tools\compiler\ti-cgt-arm_20.2.7.LTS\lib\</path>
         <kind>archive</kind>
         <file>rtsv7M4_T_le_v4SPD16_eabi.lib</file>
         <name>autoinit.c.obj</name>
      </input_file>
      <input_file id="fl-d6">
         <path>C:\ti\ccs1260\ccs\tools\compiler\ti-cgt-arm_20.2.7.LTS\lib\</path>
         <kind>archive</kind>
         <file>rtsv7M4_T_le_v4SPD16_eabi.lib</file>
         <name>pre_init.c.obj</name>
      </input_file>
      <input_file id="fl-d7">
         <path>C:\ti\ccs1260\ccs\tools\compiler\ti-cgt-arm_20.2.7.LTS\lib\</path>
         <kind>archive</kind>
         <file>rtsv7M4_T_le_v4SPD16_eabi.lib</file>
         <name>cpy_tbl.c.obj</name>
      </input_file>
      <input_file id="fl-d8">
         <path>C:\ti\ccs1260\ccs\tools\compiler\ti-cgt-arm_20.2.7.LTS\lib\</path>
         <kind>archive</kind>
         <file>rtsv7M4_T_le_v4SPD16_eabi.lib</file>
         <name>exit.c.obj</name>
      </input_file>
      <input_file id="fl-d9">
         <path>C:\ti\ccs1260\ccs\tools\compiler\ti-cgt-arm_20.2.7.LTS\lib\</path>
         <kind>archive</kind>
         <file>rtsv7M4_T_le_v4SPD16_eabi.lib</file>
         <name>_lock.c.obj</name>
      </input_file>
      <input_file id="fl-da">
         <path>C:\ti\ccs1260\ccs\tools\compiler\ti-cgt-arm_20.2.7.LTS\lib\</path>
         <kind>archive</kind>
         <file>rtsv7M4_T_le_v4SPD16_eabi.lib</file>
         <name>args_main.c.obj</name>
      </input_file>
   </input_file_list>
   <object_component_list>
      <object_component id="oc-12">
         <name>.intvecs</name>
         <load_address>0x0</load_address>
         <run_address>0x0</run_address>
         <size>0x26c</size>
         <input_file_ref idref="fl-12"/>
      </object_component>
      <object_component id="oc-7f">
         <name>.text</name>
         <load_address>0x26c</load_address>
         <run_address>0x26c</run_address>
         <size>0x1d30</size>
         <input_file_ref idref="fl-14"/>
      </object_component>
      <object_component id="oc-179">
         <name>.text</name>
         <load_address>0x1f9c</load_address>
         <run_address>0x1f9c</run_address>
         <size>0xf1c</size>
         <input_file_ref idref="fl-2"/>
      </object_component>
      <object_component id="oc-143">
         <name>.text</name>
         <load_address>0x2eb8</load_address>
         <run_address>0x2eb8</run_address>
         <size>0xbea</size>
         <input_file_ref idref="fl-10"/>
      </object_component>
      <object_component id="oc-2f7">
         <name>.text:_nop</name>
         <load_address>0x3aa2</load_address>
         <run_address>0x3aa2</run_address>
         <size>0x2</size>
         <input_file_ref idref="fl-d9"/>
      </object_component>
      <object_component id="oc-155">
         <name>.text</name>
         <load_address>0x3aa4</load_address>
         <run_address>0x3aa4</run_address>
         <size>0x884</size>
         <input_file_ref idref="fl-5"/>
      </object_component>
      <object_component id="oc-15b">
         <name>.text</name>
         <load_address>0x4328</load_address>
         <run_address>0x4328</run_address>
         <size>0x434</size>
         <input_file_ref idref="fl-11"/>
      </object_component>
      <object_component id="oc-161">
         <name>.text</name>
         <load_address>0x475c</load_address>
         <run_address>0x475c</run_address>
         <size>0x3b4</size>
         <input_file_ref idref="fl-9"/>
      </object_component>
      <object_component id="oc-167">
         <name>.text</name>
         <load_address>0x4b10</load_address>
         <run_address>0x4b10</run_address>
         <size>0x224</size>
         <input_file_ref idref="fl-8"/>
      </object_component>
      <object_component id="oc-de">
         <name>.text</name>
         <load_address>0x4d34</load_address>
         <run_address>0x4d34</run_address>
         <size>0x1d8</size>
         <input_file_ref idref="fl-7"/>
      </object_component>
      <object_component id="oc-c2">
         <name>.text</name>
         <load_address>0x4f0c</load_address>
         <run_address>0x4f0c</run_address>
         <size>0x1b8</size>
         <input_file_ref idref="fl-c"/>
      </object_component>
      <object_component id="oc-16d">
         <name>.text</name>
         <load_address>0x50c4</load_address>
         <run_address>0x50c4</run_address>
         <size>0x13c</size>
         <input_file_ref idref="fl-a"/>
      </object_component>
      <object_component id="oc-32">
         <name>.text</name>
         <load_address>0x5200</load_address>
         <run_address>0x5200</run_address>
         <size>0x13c</size>
         <input_file_ref idref="fl-e"/>
      </object_component>
      <object_component id="oc-e4">
         <name>.text</name>
         <load_address>0x533c</load_address>
         <run_address>0x533c</run_address>
         <size>0x12a</size>
         <input_file_ref idref="fl-b"/>
      </object_component>
      <object_component id="oc-2d">
         <name>.text</name>
         <load_address>0x5468</load_address>
         <run_address>0x5468</run_address>
         <size>0xda</size>
         <input_file_ref idref="fl-f"/>
      </object_component>
      <object_component id="oc-137">
         <name>.text</name>
         <load_address>0x5544</load_address>
         <run_address>0x5544</run_address>
         <size>0xb0</size>
         <input_file_ref idref="fl-6"/>
      </object_component>
      <object_component id="oc-173">
         <name>.text</name>
         <load_address>0x55f4</load_address>
         <run_address>0x55f4</run_address>
         <size>0xa4</size>
         <input_file_ref idref="fl-4"/>
      </object_component>
      <object_component id="oc-46">
         <name>.text</name>
         <load_address>0x5698</load_address>
         <run_address>0x5698</run_address>
         <size>0x9c</size>
         <input_file_ref idref="fl-ce"/>
      </object_component>
      <object_component id="oc-13d">
         <name>.text</name>
         <load_address>0x5734</load_address>
         <run_address>0x5734</run_address>
         <size>0x90</size>
         <input_file_ref idref="fl-3"/>
      </object_component>
      <object_component id="oc-b6">
         <name>.text</name>
         <load_address>0x57c4</load_address>
         <run_address>0x57c4</run_address>
         <size>0x7a</size>
         <input_file_ref idref="fl-cf"/>
      </object_component>
      <object_component id="oc-131">
         <name>.text</name>
         <load_address>0x5840</load_address>
         <run_address>0x5840</run_address>
         <size>0x6c</size>
         <input_file_ref idref="fl-13"/>
      </object_component>
      <object_component id="oc-15">
         <name>.text:decompress:lzss:__TI_decompress_lzss</name>
         <load_address>0x58ac</load_address>
         <run_address>0x58ac</run_address>
         <size>0x68</size>
         <input_file_ref idref="fl-d2"/>
      </object_component>
      <object_component id="oc-18c">
         <name>.text:__TI_auto_init_nobinit_nopinit:__TI_auto_init_nobinit_nopinit</name>
         <load_address>0x5914</load_address>
         <run_address>0x5914</run_address>
         <size>0x44</size>
         <input_file_ref idref="fl-d5"/>
      </object_component>
      <object_component id="oc-64">
         <name>.text:_c_int00_noargs:_c_int00_noargs</name>
         <load_address>0x5958</load_address>
         <run_address>0x5958</run_address>
         <size>0x34</size>
         <input_file_ref idref="fl-d4"/>
      </object_component>
      <object_component id="oc-236">
         <name>.text:rand</name>
         <load_address>0x598c</load_address>
         <run_address>0x598c</run_address>
         <size>0x34</size>
         <input_file_ref idref="fl-d3"/>
      </object_component>
      <object_component id="oc-1b">
         <name>.text:decompress:none:__TI_decompress_none</name>
         <load_address>0x59c0</load_address>
         <run_address>0x59c0</run_address>
         <size>0xe</size>
         <input_file_ref idref="fl-d1"/>
      </object_component>
      <object_component id="oc-58">
         <name>.text:decompress:ZI:__TI_zero_init</name>
         <load_address>0x59ce</load_address>
         <run_address>0x59ce</run_address>
         <size>0xc</size>
         <input_file_ref idref="fl-d0"/>
      </object_component>
      <object_component id="oc-27">
         <name>.text</name>
         <load_address>0x59da</load_address>
         <run_address>0x59da</run_address>
         <size>0xc</size>
         <input_file_ref idref="fl-12"/>
      </object_component>
      <object_component id="oc-bc">
         <name>.text:_system_pre_init</name>
         <load_address>0x59e6</load_address>
         <run_address>0x59e6</run_address>
         <size>0x4</size>
         <input_file_ref idref="fl-d6"/>
      </object_component>
      <object_component id="oc-180">
         <name>.text:abort:abort</name>
         <load_address>0x59ea</load_address>
         <run_address>0x59ea</run_address>
         <size>0x4</size>
         <input_file_ref idref="fl-d8"/>
      </object_component>
      <object_component id="oc-258">
         <name>.const:.string:$P$T1$8</name>
         <load_address>0x59f0</load_address>
         <run_address>0x59f0</run_address>
         <size>0x11</size>
         <input_file_ref idref="fl-2"/>
      </object_component>
      <object_component id="oc-270">
         <name>.const:.string:$P$T9$16</name>
         <load_address>0x5a01</load_address>
         <run_address>0x5a01</run_address>
         <size>0x11</size>
         <input_file_ref idref="fl-2"/>
      </object_component>
      <object_component id="oc-25b">
         <name>.const:.string:$P$T2$9</name>
         <load_address>0x5a12</load_address>
         <run_address>0x5a12</run_address>
         <size>0xf</size>
         <input_file_ref idref="fl-2"/>
      </object_component>
      <object_component id="oc-25e">
         <name>.const:.string:$P$T3$10</name>
         <load_address>0x5a21</load_address>
         <run_address>0x5a21</run_address>
         <size>0xf</size>
         <input_file_ref idref="fl-2"/>
      </object_component>
      <object_component id="oc-26d">
         <name>.const:.string:$P$T8$15</name>
         <load_address>0x5a30</load_address>
         <run_address>0x5a30</run_address>
         <size>0xf</size>
         <input_file_ref idref="fl-2"/>
      </object_component>
      <object_component id="oc-255">
         <name>.const:.string:$P$T0$7</name>
         <load_address>0x5a3f</load_address>
         <run_address>0x5a3f</run_address>
         <size>0xe</size>
         <input_file_ref idref="fl-2"/>
      </object_component>
      <object_component id="oc-26a">
         <name>.const:.string:$P$T7$14</name>
         <load_address>0x5a4d</load_address>
         <run_address>0x5a4d</run_address>
         <size>0xe</size>
         <input_file_ref idref="fl-2"/>
      </object_component>
      <object_component id="oc-24b">
         <name>.const:$P$T0$1</name>
         <load_address>0x5a5b</load_address>
         <run_address>0x5a5b</run_address>
         <size>0xc</size>
         <input_file_ref idref="fl-8"/>
      </object_component>
      <object_component id="oc-261">
         <name>.const:.string:$P$T4$11</name>
         <load_address>0x5a67</load_address>
         <run_address>0x5a67</run_address>
         <size>0xb</size>
         <input_file_ref idref="fl-2"/>
      </object_component>
      <object_component id="oc-247">
         <name>.const:.string:LCD_init_sequense</name>
         <load_address>0x5a72</load_address>
         <run_address>0x5a72</run_address>
         <size>0xa</size>
         <input_file_ref idref="fl-9"/>
      </object_component>
      <object_component id="oc-264">
         <name>.const:.string:$P$T5$12</name>
         <load_address>0x5a7c</load_address>
         <run_address>0x5a7c</run_address>
         <size>0x8</size>
         <input_file_ref idref="fl-2"/>
      </object_component>
      <object_component id="oc-267">
         <name>.const:.string:$P$T6$13</name>
         <load_address>0x5a84</load_address>
         <run_address>0x5a84</run_address>
         <size>0x7</size>
         <input_file_ref idref="fl-2"/>
      </object_component>
      <object_component id="oc-273">
         <name>.const:.string:$P$T10$17</name>
         <load_address>0x5a8b</load_address>
         <run_address>0x5a8b</run_address>
         <size>0x5</size>
         <input_file_ref idref="fl-2"/>
      </object_component>
      <object_component id="oc-276">
         <name>.const:.string:$P$T11$18</name>
         <load_address>0x5a90</load_address>
         <run_address>0x5a90</run_address>
         <size>0x5</size>
         <input_file_ref idref="fl-2"/>
      </object_component>
      <object_component id="oc-279">
         <name>.const:.string:$P$T12$19</name>
         <load_address>0x5a95</load_address>
         <run_address>0x5a95</run_address>
         <size>0x5</size>
         <input_file_ref idref="fl-2"/>
      </object_component>
      <object_component id="oc-7c">
         <name>.const</name>
         <load_address>0x5a9c</load_address>
         <run_address>0x5a9c</run_address>
         <size>0x4</size>
         <input_file_ref idref="fl-e"/>
      </object_component>
      <object_component id="oc-f6">
         <name>.const</name>
         <load_address>0x5aa0</load_address>
         <run_address>0x5aa0</run_address>
         <size>0x4</size>
         <input_file_ref idref="fl-14"/>
      </object_component>
      <object_component id="oc-352">
         <name>.cinit..data.load</name>
         <load_address>0x5aa8</load_address>
         <run_address>0x5aa8</run_address>
         <size>0x20</size>
      </object_component>
      <object_component id="oc-350">
         <name>__TI_handler_table</name>
         <load_address>0x5ac8</load_address>
         <run_address>0x5ac8</run_address>
         <size>0xc</size>
      </object_component>
      <object_component id="oc-353">
         <name>.cinit..bss.load</name>
         <load_address>0x5ad8</load_address>
         <run_address>0x5ad8</run_address>
         <size>0x8</size>
      </object_component>
      <object_component id="oc-351">
         <name>__TI_cinit_table</name>
         <load_address>0x5ae0</load_address>
         <run_address>0x5ae0</run_address>
         <size>0x10</size>
      </object_component>
      <object_component id="oc-27c">
         <name>.data</name>
         <load_address>0x20001f24</load_address>
         <run_address>0x20001f24</run_address>
         <size>0x6</size>
         <input_file_ref idref="fl-2"/>
      </object_component>
      <object_component id="oc-233">
         <name>.data</name>
         <load_address>0x20001f37</load_address>
         <run_address>0x20001f37</run_address>
         <size>0x1</size>
         <input_file_ref idref="fl-5"/>
      </object_component>
      <object_component id="oc-1d9">
         <name>.data</name>
         <load_address>0x20001f1c</load_address>
         <run_address>0x20001f1c</run_address>
         <size>0x8</size>
         <input_file_ref idref="fl-7"/>
      </object_component>
      <object_component id="oc-241">
         <name>.data</name>
         <load_address>0x20001f2a</load_address>
         <run_address>0x20001f2a</run_address>
         <size>0x2</size>
         <input_file_ref idref="fl-9"/>
      </object_component>
      <object_component id="oc-250">
         <name>.data</name>
         <load_address>0x20001f38</load_address>
         <run_address>0x20001f38</run_address>
         <size>0x1</size>
         <input_file_ref idref="fl-a"/>
      </object_component>
      <object_component id="oc-86">
         <name>.data</name>
         <load_address>0x20001f2c</load_address>
         <run_address>0x20001f2c</run_address>
         <size>0x4</size>
         <input_file_ref idref="fl-e"/>
      </object_component>
      <object_component id="oc-23c">
         <name>.data</name>
         <load_address>0x20001f34</load_address>
         <run_address>0x20001f34</run_address>
         <size>0x3</size>
         <input_file_ref idref="fl-11"/>
      </object_component>
      <object_component id="oc-79">
         <name>.data</name>
         <load_address>0x20001ee0</load_address>
         <run_address>0x20001ee0</run_address>
         <size>0x34</size>
         <input_file_ref idref="fl-14"/>
      </object_component>
      <object_component id="oc-2c2">
         <name>.data</name>
         <load_address>0x20001f30</load_address>
         <run_address>0x20001f30</run_address>
         <size>0x4</size>
         <input_file_ref idref="fl-d3"/>
      </object_component>
      <object_component id="oc-288">
         <name>.data:$O1$$</name>
         <load_address>0x20001f14</load_address>
         <run_address>0x20001f14</run_address>
         <size>0x8</size>
         <input_file_ref idref="fl-d9"/>
      </object_component>
      <object_component id="oc-27d">
         <name>.bss</name>
         <uninitialized>true</uninitialized>
         <run_address>0x20001cd4</run_address>
         <size>0x3</size>
         <input_file_ref idref="fl-2"/>
      </object_component>
      <object_component id="oc-234">
         <name>.bss</name>
         <uninitialized>true</uninitialized>
         <run_address>0x20001cd7</run_address>
         <size>0x3</size>
         <input_file_ref idref="fl-5"/>
      </object_component>
      <object_component id="oc-1e2">
         <name>.bss:ucHeap</name>
         <uninitialized>true</uninitialized>
         <run_address>0x20000000</run_address>
         <size>0x1b58</size>
         <input_file_ref idref="fl-7"/>
      </object_component>
      <object_component id="oc-1dc">
         <name>.bss:xStart</name>
         <uninitialized>true</uninitialized>
         <run_address>0x20001ca0</run_address>
         <size>0x8</size>
         <input_file_ref idref="fl-7"/>
      </object_component>
      <object_component id="oc-1df">
         <name>.bss:xEnd</name>
         <uninitialized>true</uninitialized>
         <run_address>0x20001c98</run_address>
         <size>0x8</size>
         <input_file_ref idref="fl-7"/>
      </object_component>
      <object_component id="oc-ea">
         <name>.bss:pxReadyTasksLists</name>
         <uninitialized>true</uninitialized>
         <run_address>0x20001b58</run_address>
         <size>0xc8</size>
         <input_file_ref idref="fl-14"/>
      </object_component>
      <object_component id="oc-fc">
         <name>.bss:xDelayedTaskList1</name>
         <uninitialized>true</uninitialized>
         <run_address>0x20001c20</run_address>
         <size>0x14</size>
         <input_file_ref idref="fl-14"/>
      </object_component>
      <object_component id="oc-ff">
         <name>.bss:xDelayedTaskList2</name>
         <uninitialized>true</uninitialized>
         <run_address>0x20001c34</run_address>
         <size>0x14</size>
         <input_file_ref idref="fl-14"/>
      </object_component>
      <object_component id="oc-f9">
         <name>.bss</name>
         <uninitialized>true</uninitialized>
         <run_address>0x20001c90</run_address>
         <size>0x8</size>
         <input_file_ref idref="fl-14"/>
      </object_component>
      <object_component id="oc-f3">
         <name>.bss:xPendingReadyList</name>
         <uninitialized>true</uninitialized>
         <run_address>0x20001c48</run_address>
         <size>0x14</size>
         <input_file_ref idref="fl-14"/>
      </object_component>
      <object_component id="oc-ed">
         <name>.bss:xTasksWaitingTermination</name>
         <uninitialized>true</uninitialized>
         <run_address>0x20001c70</run_address>
         <size>0x14</size>
         <input_file_ref idref="fl-14"/>
      </object_component>
      <object_component id="oc-f0">
         <name>.bss:xSuspendedTaskList</name>
         <uninitialized>true</uninitialized>
         <run_address>0x20001c5c</run_address>
         <size>0x14</size>
         <input_file_ref idref="fl-14"/>
      </object_component>
      <object_component id="oc-222">
         <name>.common:data_adc</name>
         <uninitialized>true</uninitialized>
         <run_address>0x20001ca8</run_address>
         <size>0x4</size>
      </object_component>
      <object_component id="oc-235">
         <name>.common:led_state</name>
         <uninitialized>true</uninitialized>
         <run_address>0x20001cdc</run_address>
         <size>0x1</size>
      </object_component>
      <object_component id="oc-22d">
         <name>.common:elevator_state</name>
         <uninitialized>true</uninitialized>
         <run_address>0x20001cdb</run_address>
         <size>0x1</size>
      </object_component>
      <object_component id="oc-244">
         <name>.common:LCD_init</name>
         <uninitialized>true</uninitialized>
         <run_address>0x20001cda</run_address>
         <size>0x1</size>
      </object_component>
      <object_component id="oc-14c">
         <name>.common:xQueue_keypad</name>
         <uninitialized>true</uninitialized>
         <run_address>0x20001cb8</run_address>
         <size>0x4</size>
      </object_component>
      <object_component id="oc-149">
         <name>.common:xQueue_lcd</name>
         <uninitialized>true</uninitialized>
         <run_address>0x20001cbc</run_address>
         <size>0x4</size>
      </object_component>
      <object_component id="oc-14d">
         <name>.common:xQueue_elevator</name>
         <uninitialized>true</uninitialized>
         <run_address>0x20001cb0</run_address>
         <size>0x4</size>
      </object_component>
      <object_component id="oc-14e">
         <name>.common:xQueue_encoder</name>
         <uninitialized>true</uninitialized>
         <run_address>0x20001cb4</run_address>
         <size>0x4</size>
      </object_component>
      <object_component id="oc-14f">
         <name>.common:xQueue_button</name>
         <uninitialized>true</uninitialized>
         <run_address>0x20001cac</run_address>
         <size>0x4</size>
      </object_component>
      <object_component id="oc-151">
         <name>.common:xSemaphore_keypad</name>
         <uninitialized>true</uninitialized>
         <run_address>0x20001ccc</run_address>
         <size>0x4</size>
      </object_component>
      <object_component id="oc-150">
         <name>.common:xSemaphore_lcd</name>
         <uninitialized>true</uninitialized>
         <run_address>0x20001cd0</run_address>
         <size>0x4</size>
      </object_component>
      <object_component id="oc-152">
         <name>.common:xSemaphore_ele_state</name>
         <uninitialized>true</uninitialized>
         <run_address>0x20001cc4</run_address>
         <size>0x4</size>
      </object_component>
      <object_component id="oc-153">
         <name>.common:xSemaphore_ele_flr</name>
         <uninitialized>true</uninitialized>
         <run_address>0x20001cc0</run_address>
         <size>0x4</size>
      </object_component>
      <object_component id="oc-154">
         <name>.common:xSemaphore_enc</name>
         <uninitialized>true</uninitialized>
         <run_address>0x20001cc8</run_address>
         <size>0x4</size>
      </object_component>
      <object_component id="oc-230">
         <name>.common:data</name>
         <uninitialized>true</uninitialized>
         <run_address>0x20001c84</run_address>
         <size>0xc</size>
      </object_component>
      <object_component id="oc-24">
         <name>.stack</name>
         <uninitialized>true</uninitialized>
         <run_address>0x20001ce0</run_address>
         <size>0x4</size>
         <input_file_ref idref="fl-d4"/>
      </object_component>
      <object_component id="oc-355">
         <name>.stack</name>
         <uninitialized>true</uninitialized>
         <run_address>0x20001ce0</run_address>
         <size>0x0</size>
      </object_component>
      <object_component id="oc-11b">
         <name>.debug_info</name>
         <load_address>0x0</load_address>
         <run_address>0x0</run_address>
         <size>0x831</size>
         <input_file_ref idref="fl-2"/>
      </object_component>
      <object_component id="oc-256">
         <name>.debug_info</name>
         <load_address>0x831</load_address>
         <run_address>0x831</run_address>
         <size>0x101</size>
         <input_file_ref idref="fl-2"/>
      </object_component>
      <object_component id="oc-259">
         <name>.debug_info</name>
         <load_address>0x932</load_address>
         <run_address>0x932</run_address>
         <size>0x101</size>
         <input_file_ref idref="fl-2"/>
      </object_component>
      <object_component id="oc-25c">
         <name>.debug_info</name>
         <load_address>0xa33</load_address>
         <run_address>0xa33</run_address>
         <size>0x101</size>
         <input_file_ref idref="fl-2"/>
      </object_component>
      <object_component id="oc-25f">
         <name>.debug_info</name>
         <load_address>0xb34</load_address>
         <run_address>0xb34</run_address>
         <size>0x103</size>
         <input_file_ref idref="fl-2"/>
      </object_component>
      <object_component id="oc-262">
         <name>.debug_info</name>
         <load_address>0xc37</load_address>
         <run_address>0xc37</run_address>
         <size>0x103</size>
         <input_file_ref idref="fl-2"/>
      </object_component>
      <object_component id="oc-265">
         <name>.debug_info</name>
         <load_address>0xd3a</load_address>
         <run_address>0xd3a</run_address>
         <size>0x103</size>
         <input_file_ref idref="fl-2"/>
      </object_component>
      <object_component id="oc-268">
         <name>.debug_info</name>
         <load_address>0xe3d</load_address>
         <run_address>0xe3d</run_address>
         <size>0x103</size>
         <input_file_ref idref="fl-2"/>
      </object_component>
      <object_component id="oc-26b">
         <name>.debug_info</name>
         <load_address>0xf40</load_address>
         <run_address>0xf40</run_address>
         <size>0x103</size>
         <input_file_ref idref="fl-2"/>
      </object_component>
      <object_component id="oc-26e">
         <name>.debug_info</name>
         <load_address>0x1043</load_address>
         <run_address>0x1043</run_address>
         <size>0x103</size>
         <input_file_ref idref="fl-2"/>
      </object_component>
      <object_component id="oc-271">
         <name>.debug_info</name>
         <load_address>0x1146</load_address>
         <run_address>0x1146</run_address>
         <size>0x103</size>
         <input_file_ref idref="fl-2"/>
      </object_component>
      <object_component id="oc-274">
         <name>.debug_info</name>
         <load_address>0x1249</load_address>
         <run_address>0x1249</run_address>
         <size>0x105</size>
         <input_file_ref idref="fl-2"/>
      </object_component>
      <object_component id="oc-277">
         <name>.debug_info</name>
         <load_address>0x134e</load_address>
         <run_address>0x134e</run_address>
         <size>0x105</size>
         <input_file_ref idref="fl-2"/>
      </object_component>
      <object_component id="oc-27a">
         <name>.debug_info</name>
         <load_address>0x1453</load_address>
         <run_address>0x1453</run_address>
         <size>0x105</size>
         <input_file_ref idref="fl-2"/>
      </object_component>
      <object_component id="oc-17c">
         <name>.debug_info</name>
         <load_address>0x1558</load_address>
         <run_address>0x1558</run_address>
         <size>0x1694</size>
         <input_file_ref idref="fl-2"/>
      </object_component>
      <object_component id="oc-21b">
         <name>.debug_info</name>
         <load_address>0x2bec</load_address>
         <run_address>0x2bec</run_address>
         <size>0x128</size>
         <input_file_ref idref="fl-2"/>
      </object_component>
      <object_component id="oc-202">
         <name>.debug_info</name>
         <load_address>0x2d14</load_address>
         <run_address>0x2d14</run_address>
         <size>0x315</size>
         <input_file_ref idref="fl-2"/>
      </object_component>
      <object_component id="oc-211">
         <name>.debug_info</name>
         <load_address>0x3029</load_address>
         <run_address>0x3029</run_address>
         <size>0xa7</size>
         <input_file_ref idref="fl-2"/>
      </object_component>
      <object_component id="oc-27f">
         <name>.debug_info</name>
         <load_address>0x30d0</load_address>
         <run_address>0x30d0</run_address>
         <size>0x51</size>
         <input_file_ref idref="fl-2"/>
      </object_component>
      <object_component id="oc-97">
         <name>.debug_info</name>
         <load_address>0x3121</load_address>
         <run_address>0x3121</run_address>
         <size>0x26b</size>
         <input_file_ref idref="fl-2"/>
      </object_component>
      <object_component id="oc-116">
         <name>.debug_info</name>
         <load_address>0x338c</load_address>
         <run_address>0x338c</run_address>
         <size>0x3e3</size>
         <input_file_ref idref="fl-2"/>
      </object_component>
      <object_component id="oc-1fd">
         <name>.debug_info</name>
         <load_address>0x376f</load_address>
         <run_address>0x376f</run_address>
         <size>0x4f</size>
         <input_file_ref idref="fl-2"/>
      </object_component>
      <object_component id="oc-207">
         <name>.debug_info</name>
         <load_address>0x37be</load_address>
         <run_address>0x37be</run_address>
         <size>0x2c</size>
         <input_file_ref idref="fl-2"/>
      </object_component>
      <object_component id="oc-41">
         <name>.debug_info</name>
         <load_address>0x37ea</load_address>
         <run_address>0x37ea</run_address>
         <size>0x84</size>
         <input_file_ref idref="fl-2"/>
      </object_component>
      <object_component id="oc-8b">
         <name>.debug_info</name>
         <load_address>0x386e</load_address>
         <run_address>0x386e</run_address>
         <size>0x2c</size>
         <input_file_ref idref="fl-2"/>
      </object_component>
      <object_component id="oc-216">
         <name>.debug_info</name>
         <load_address>0x389a</load_address>
         <run_address>0x389a</run_address>
         <size>0xae</size>
         <input_file_ref idref="fl-2"/>
      </object_component>
      <object_component id="oc-11c">
         <name>.debug_info</name>
         <load_address>0x3948</load_address>
         <run_address>0x3948</run_address>
         <size>0x2a4</size>
         <input_file_ref idref="fl-2"/>
      </object_component>
      <object_component id="oc-9c">
         <name>.debug_info</name>
         <load_address>0x3bec</load_address>
         <run_address>0x3bec</run_address>
         <size>0xbb</size>
         <input_file_ref idref="fl-2"/>
      </object_component>
      <object_component id="oc-107">
         <name>.debug_info</name>
         <load_address>0x3ca7</load_address>
         <run_address>0x3ca7</run_address>
         <size>0x53</size>
         <input_file_ref idref="fl-2"/>
      </object_component>
      <object_component id="oc-90">
         <name>.debug_info</name>
         <load_address>0x3cfa</load_address>
         <run_address>0x3cfa</run_address>
         <size>0x53</size>
         <input_file_ref idref="fl-2"/>
      </object_component>
      <object_component id="oc-20c">
         <name>.debug_info</name>
         <load_address>0x3d4d</load_address>
         <run_address>0x3d4d</run_address>
         <size>0x55</size>
         <input_file_ref idref="fl-2"/>
      </object_component>
      <object_component id="oc-111">
         <name>.debug_info</name>
         <load_address>0x3da2</load_address>
         <run_address>0x3da2</run_address>
         <size>0x14c</size>
         <input_file_ref idref="fl-2"/>
      </object_component>
      <object_component id="oc-1f9">
         <name>.debug_info</name>
         <load_address>0x3eee</load_address>
         <run_address>0x3eee</run_address>
         <size>0x3f0</size>
         <input_file_ref idref="fl-3"/>
      </object_component>
      <object_component id="oc-13e">
         <name>.debug_info</name>
         <load_address>0x42de</load_address>
         <run_address>0x42de</run_address>
         <size>0x208</size>
         <input_file_ref idref="fl-3"/>
      </object_component>
      <object_component id="oc-10c">
         <name>.debug_info</name>
         <load_address>0x44e6</load_address>
         <run_address>0x44e6</run_address>
         <size>0x315</size>
         <input_file_ref idref="fl-3"/>
      </object_component>
      <object_component id="oc-254">
         <name>.debug_info</name>
         <load_address>0x47fb</load_address>
         <run_address>0x47fb</run_address>
         <size>0x4c6</size>
         <input_file_ref idref="fl-4"/>
      </object_component>
      <object_component id="oc-176">
         <name>.debug_info</name>
         <load_address>0x4cc1</load_address>
         <run_address>0x4cc1</run_address>
         <size>0x248</size>
         <input_file_ref idref="fl-4"/>
      </object_component>
      <object_component id="oc-22e">
         <name>.debug_info</name>
         <load_address>0x4f09</load_address>
         <run_address>0x4f09</run_address>
         <size>0x731</size>
         <input_file_ref idref="fl-5"/>
      </object_component>
      <object_component id="oc-156">
         <name>.debug_info</name>
         <load_address>0x563a</load_address>
         <run_address>0x563a</run_address>
         <size>0x90e</size>
         <input_file_ref idref="fl-5"/>
      </object_component>
      <object_component id="oc-1c5">
         <name>.debug_info</name>
         <load_address>0x5f48</load_address>
         <run_address>0x5f48</run_address>
         <size>0x110</size>
         <input_file_ref idref="fl-5"/>
      </object_component>
      <object_component id="oc-1d4">
         <name>.debug_info</name>
         <load_address>0x6058</load_address>
         <run_address>0x6058</run_address>
         <size>0x3e3</size>
         <input_file_ref idref="fl-5"/>
      </object_component>
      <object_component id="oc-13a">
         <name>.debug_info</name>
         <load_address>0x643b</load_address>
         <run_address>0x643b</run_address>
         <size>0x19f</size>
         <input_file_ref idref="fl-6"/>
      </object_component>
      <object_component id="oc-1e6">
         <name>.debug_info</name>
         <load_address>0x65da</load_address>
         <run_address>0x65da</run_address>
         <size>0x43a</size>
         <input_file_ref idref="fl-7"/>
      </object_component>
      <object_component id="oc-1e3">
         <name>.debug_info</name>
         <load_address>0x6a14</load_address>
         <run_address>0x6a14</run_address>
         <size>0xfe</size>
         <input_file_ref idref="fl-7"/>
      </object_component>
      <object_component id="oc-1dd">
         <name>.debug_info</name>
         <load_address>0x6b12</load_address>
         <run_address>0x6b12</run_address>
         <size>0xfe</size>
         <input_file_ref idref="fl-7"/>
      </object_component>
      <object_component id="oc-1e0">
         <name>.debug_info</name>
         <load_address>0x6c10</load_address>
         <run_address>0x6c10</run_address>
         <size>0xfa</size>
         <input_file_ref idref="fl-7"/>
      </object_component>
      <object_component id="oc-1da">
         <name>.debug_info</name>
         <load_address>0x6d0a</load_address>
         <run_address>0x6d0a</run_address>
         <size>0x118</size>
         <input_file_ref idref="fl-7"/>
      </object_component>
      <object_component id="oc-e2">
         <name>.debug_info</name>
         <load_address>0x6e22</load_address>
         <run_address>0x6e22</run_address>
         <size>0x579</size>
         <input_file_ref idref="fl-7"/>
      </object_component>
      <object_component id="oc-2a8">
         <name>.debug_info</name>
         <load_address>0x739b</load_address>
         <run_address>0x739b</run_address>
         <size>0x62</size>
         <input_file_ref idref="fl-7"/>
      </object_component>
      <object_component id="oc-24f">
         <name>.debug_info</name>
         <load_address>0x73fd</load_address>
         <run_address>0x73fd</run_address>
         <size>0x56d</size>
         <input_file_ref idref="fl-8"/>
      </object_component>
      <object_component id="oc-24c">
         <name>.debug_info</name>
         <load_address>0x796a</load_address>
         <run_address>0x796a</run_address>
         <size>0xfd</size>
         <input_file_ref idref="fl-8"/>
      </object_component>
      <object_component id="oc-168">
         <name>.debug_info</name>
         <load_address>0x7a67</load_address>
         <run_address>0x7a67</run_address>
         <size>0x501</size>
         <input_file_ref idref="fl-8"/>
      </object_component>
      <object_component id="oc-245">
         <name>.debug_info</name>
         <load_address>0x7f68</load_address>
         <run_address>0x7f68</run_address>
         <size>0x57d</size>
         <input_file_ref idref="fl-9"/>
      </object_component>
      <object_component id="oc-248">
         <name>.debug_info</name>
         <load_address>0x84e5</load_address>
         <run_address>0x84e5</run_address>
         <size>0x112</size>
         <input_file_ref idref="fl-9"/>
      </object_component>
      <object_component id="oc-242">
         <name>.debug_info</name>
         <load_address>0x85f7</load_address>
         <run_address>0x85f7</run_address>
         <size>0x102</size>
         <input_file_ref idref="fl-9"/>
      </object_component>
      <object_component id="oc-162">
         <name>.debug_info</name>
         <load_address>0x86f9</load_address>
         <run_address>0x86f9</run_address>
         <size>0x8da</size>
         <input_file_ref idref="fl-9"/>
      </object_component>
      <object_component id="oc-2ca">
         <name>.debug_info</name>
         <load_address>0x8fd3</load_address>
         <run_address>0x8fd3</run_address>
         <size>0x51</size>
         <input_file_ref idref="fl-9"/>
      </object_component>
      <object_component id="oc-252">
         <name>.debug_info</name>
         <load_address>0x9024</load_address>
         <run_address>0x9024</run_address>
         <size>0x3ee</size>
         <input_file_ref idref="fl-a"/>
      </object_component>
      <object_component id="oc-170">
         <name>.debug_info</name>
         <load_address>0x9412</load_address>
         <run_address>0x9412</run_address>
         <size>0x356</size>
         <input_file_ref idref="fl-a"/>
      </object_component>
      <object_component id="oc-1e8">
         <name>.debug_info</name>
         <load_address>0x9768</load_address>
         <run_address>0x9768</run_address>
         <size>0x3a6</size>
         <input_file_ref idref="fl-b"/>
      </object_component>
      <object_component id="oc-e6">
         <name>.debug_info</name>
         <load_address>0x9b0e</load_address>
         <run_address>0x9b0e</run_address>
         <size>0x476</size>
         <input_file_ref idref="fl-b"/>
      </object_component>
      <object_component id="oc-14a">
         <name>.debug_info</name>
         <load_address>0x9f84</load_address>
         <run_address>0x9f84</run_address>
         <size>0x815</size>
         <input_file_ref idref="fl-c"/>
      </object_component>
      <object_component id="oc-c4">
         <name>.debug_info</name>
         <load_address>0xa799</load_address>
         <run_address>0xa799</run_address>
         <size>0x35d</size>
         <input_file_ref idref="fl-c"/>
      </object_component>
      <object_component id="oc-8a">
         <name>.debug_info</name>
         <load_address>0xaaf6</load_address>
         <run_address>0xaaf6</run_address>
         <size>0x426</size>
         <input_file_ref idref="fl-e"/>
      </object_component>
      <object_component id="oc-7d">
         <name>.debug_info</name>
         <load_address>0xaf1c</load_address>
         <run_address>0xaf1c</run_address>
         <size>0x12b</size>
         <input_file_ref idref="fl-e"/>
      </object_component>
      <object_component id="oc-87">
         <name>.debug_info</name>
         <load_address>0xb047</load_address>
         <run_address>0xb047</run_address>
         <size>0x112</size>
         <input_file_ref idref="fl-e"/>
      </object_component>
      <object_component id="oc-33">
         <name>.debug_info</name>
         <load_address>0xb159</load_address>
         <run_address>0xb159</run_address>
         <size>0x4d2</size>
         <input_file_ref idref="fl-e"/>
      </object_component>
      <object_component id="oc-30">
         <name>.debug_info</name>
         <load_address>0xb62b</load_address>
         <run_address>0xb62b</run_address>
         <size>0x260</size>
         <input_file_ref idref="fl-f"/>
      </object_component>
      <object_component id="oc-22a">
         <name>.debug_info</name>
         <load_address>0xb88b</load_address>
         <run_address>0xb88b</run_address>
         <size>0x83a</size>
         <input_file_ref idref="fl-10"/>
      </object_component>
      <object_component id="oc-146">
         <name>.debug_info</name>
         <load_address>0xc0c5</load_address>
         <run_address>0xc0c5</run_address>
         <size>0x2d2d</size>
         <input_file_ref idref="fl-10"/>
      </object_component>
      <object_component id="oc-2b9">
         <name>.debug_info</name>
         <load_address>0xedf2</load_address>
         <run_address>0xedf2</run_address>
         <size>0x1c7</size>
         <input_file_ref idref="fl-10"/>
      </object_component>
      <object_component id="oc-225">
         <name>.debug_info</name>
         <load_address>0xefb9</load_address>
         <run_address>0xefb9</run_address>
         <size>0x46</size>
         <input_file_ref idref="fl-10"/>
      </object_component>
      <object_component id="oc-1ca">
         <name>.debug_info</name>
         <load_address>0xefff</load_address>
         <run_address>0xefff</run_address>
         <size>0x35</size>
         <input_file_ref idref="fl-10"/>
      </object_component>
      <object_component id="oc-231">
         <name>.debug_info</name>
         <load_address>0xf034</load_address>
         <run_address>0xf034</run_address>
         <size>0x64c</size>
         <input_file_ref idref="fl-11"/>
      </object_component>
      <object_component id="oc-23d">
         <name>.debug_info</name>
         <load_address>0xf680</load_address>
         <run_address>0xf680</run_address>
         <size>0x111</size>
         <input_file_ref idref="fl-11"/>
      </object_component>
      <object_component id="oc-15c">
         <name>.debug_info</name>
         <load_address>0xf791</load_address>
         <run_address>0xf791</run_address>
         <size>0x640</size>
         <input_file_ref idref="fl-11"/>
      </object_component>
      <object_component id="oc-3a">
         <name>.debug_info</name>
         <load_address>0xfdd1</load_address>
         <run_address>0xfdd1</run_address>
         <size>0x351</size>
         <input_file_ref idref="fl-12"/>
      </object_component>
      <object_component id="oc-13">
         <name>.debug_info</name>
         <load_address>0x10122</load_address>
         <run_address>0x10122</run_address>
         <size>0x110</size>
         <input_file_ref idref="fl-12"/>
      </object_component>
      <object_component id="oc-29">
         <name>.debug_info</name>
         <load_address>0x10232</load_address>
         <run_address>0x10232</run_address>
         <size>0x224</size>
         <input_file_ref idref="fl-12"/>
      </object_component>
      <object_component id="oc-132">
         <name>.debug_info</name>
         <load_address>0x10456</load_address>
         <run_address>0x10456</run_address>
         <size>0x148</size>
         <input_file_ref idref="fl-13"/>
      </object_component>
      <object_component id="oc-d6">
         <name>.debug_info</name>
         <load_address>0x1059e</load_address>
         <run_address>0x1059e</run_address>
         <size>0x788</size>
         <input_file_ref idref="fl-14"/>
      </object_component>
      <object_component id="oc-7a">
         <name>.debug_info</name>
         <load_address>0x10d26</load_address>
         <run_address>0x10d26</run_address>
         <size>0x36b</size>
         <input_file_ref idref="fl-14"/>
      </object_component>
      <object_component id="oc-eb">
         <name>.debug_info</name>
         <load_address>0x11091</load_address>
         <run_address>0x11091</run_address>
         <size>0x114</size>
         <input_file_ref idref="fl-14"/>
      </object_component>
      <object_component id="oc-fd">
         <name>.debug_info</name>
         <load_address>0x111a5</load_address>
         <run_address>0x111a5</run_address>
         <size>0x114</size>
         <input_file_ref idref="fl-14"/>
      </object_component>
      <object_component id="oc-100">
         <name>.debug_info</name>
         <load_address>0x112b9</load_address>
         <run_address>0x112b9</run_address>
         <size>0x114</size>
         <input_file_ref idref="fl-14"/>
      </object_component>
      <object_component id="oc-fa">
         <name>.debug_info</name>
         <load_address>0x113cd</load_address>
         <run_address>0x113cd</run_address>
         <size>0x157</size>
         <input_file_ref idref="fl-14"/>
      </object_component>
      <object_component id="oc-f4">
         <name>.debug_info</name>
         <load_address>0x11524</load_address>
         <run_address>0x11524</run_address>
         <size>0x114</size>
         <input_file_ref idref="fl-14"/>
      </object_component>
      <object_component id="oc-ee">
         <name>.debug_info</name>
         <load_address>0x11638</load_address>
         <run_address>0x11638</run_address>
         <size>0x122</size>
         <input_file_ref idref="fl-14"/>
      </object_component>
      <object_component id="oc-f1">
         <name>.debug_info</name>
         <load_address>0x1175a</load_address>
         <run_address>0x1175a</run_address>
         <size>0x116</size>
         <input_file_ref idref="fl-14"/>
      </object_component>
      <object_component id="oc-f7">
         <name>.debug_info</name>
         <load_address>0x11870</load_address>
         <run_address>0x11870</run_address>
         <size>0x115</size>
         <input_file_ref idref="fl-14"/>
      </object_component>
      <object_component id="oc-80">
         <name>.debug_info</name>
         <load_address>0x11985</load_address>
         <run_address>0x11985</run_address>
         <size>0x422c</size>
         <input_file_ref idref="fl-14"/>
      </object_component>
      <object_component id="oc-d7">
         <name>.debug_info</name>
         <load_address>0x15bb1</load_address>
         <run_address>0x15bb1</run_address>
         <size>0x30c</size>
         <input_file_ref idref="fl-14"/>
      </object_component>
      <object_component id="oc-1c0">
         <name>.debug_info</name>
         <load_address>0x15ebd</load_address>
         <run_address>0x15ebd</run_address>
         <size>0x4f</size>
         <input_file_ref idref="fl-14"/>
      </object_component>
      <object_component id="oc-1cf">
         <name>.debug_info</name>
         <load_address>0x15f0c</load_address>
         <run_address>0x15f0c</run_address>
         <size>0x11b</size>
         <input_file_ref idref="fl-14"/>
      </object_component>
      <object_component id="oc-48">
         <name>.debug_info</name>
         <load_address>0x16027</load_address>
         <run_address>0x16027</run_address>
         <size>0x119</size>
         <input_file_ref idref="fl-ce"/>
      </object_component>
      <object_component id="oc-b7">
         <name>.debug_info</name>
         <load_address>0x16140</load_address>
         <run_address>0x16140</run_address>
         <size>0x147</size>
         <input_file_ref idref="fl-cf"/>
      </object_component>
      <object_component id="oc-b5">
         <name>.debug_info</name>
         <load_address>0x16287</load_address>
         <run_address>0x16287</run_address>
         <size>0x2d4</size>
         <input_file_ref idref="fl-d0"/>
      </object_component>
      <object_component id="oc-5a">
         <name>.debug_info</name>
         <load_address>0x1655b</load_address>
         <run_address>0x1655b</run_address>
         <size>0x1b5</size>
         <input_file_ref idref="fl-d0"/>
      </object_component>
      <object_component id="oc-b0">
         <name>.debug_info</name>
         <load_address>0x16710</load_address>
         <run_address>0x16710</run_address>
         <size>0x46</size>
         <input_file_ref idref="fl-d0"/>
      </object_component>
      <object_component id="oc-128">
         <name>.debug_info</name>
         <load_address>0x16756</load_address>
         <run_address>0x16756</run_address>
         <size>0x2c</size>
         <input_file_ref idref="fl-d0"/>
      </object_component>
      <object_component id="oc-51">
         <name>.debug_info</name>
         <load_address>0x16782</load_address>
         <run_address>0x16782</run_address>
         <size>0x2a8</size>
         <input_file_ref idref="fl-d1"/>
      </object_component>
      <object_component id="oc-1c">
         <name>.debug_info</name>
         <load_address>0x16a2a</load_address>
         <run_address>0x16a2a</run_address>
         <size>0x1ea</size>
         <input_file_ref idref="fl-d1"/>
      </object_component>
      <object_component id="oc-4c">
         <name>.debug_info</name>
         <load_address>0x16c14</load_address>
         <run_address>0x16c14</run_address>
         <size>0x46</size>
         <input_file_ref idref="fl-d1"/>
      </object_component>
      <object_component id="oc-a8">
         <name>.debug_info</name>
         <load_address>0x16c5a</load_address>
         <run_address>0x16c5a</run_address>
         <size>0x2c</size>
         <input_file_ref idref="fl-d1"/>
      </object_component>
      <object_component id="oc-a6">
         <name>.debug_info</name>
         <load_address>0x16c86</load_address>
         <run_address>0x16c86</run_address>
         <size>0x29e</size>
         <input_file_ref idref="fl-d2"/>
      </object_component>
      <object_component id="oc-18">
         <name>.debug_info</name>
         <load_address>0x16f24</load_address>
         <run_address>0x16f24</run_address>
         <size>0x250</size>
         <input_file_ref idref="fl-d2"/>
      </object_component>
      <object_component id="oc-3c">
         <name>.debug_info</name>
         <load_address>0x17174</load_address>
         <run_address>0x17174</run_address>
         <size>0x60</size>
         <input_file_ref idref="fl-d2"/>
      </object_component>
      <object_component id="oc-121">
         <name>.debug_info</name>
         <load_address>0x171d4</load_address>
         <run_address>0x171d4</run_address>
         <size>0x46</size>
         <input_file_ref idref="fl-d2"/>
      </object_component>
      <object_component id="oc-a1">
         <name>.debug_info</name>
         <load_address>0x1721a</load_address>
         <run_address>0x1721a</run_address>
         <size>0x39</size>
         <input_file_ref idref="fl-d2"/>
      </object_component>
      <object_component id="oc-2c3">
         <name>.debug_info</name>
         <load_address>0x17253</load_address>
         <run_address>0x17253</run_address>
         <size>0xfb</size>
         <input_file_ref idref="fl-d3"/>
      </object_component>
      <object_component id="oc-23a">
         <name>.debug_info</name>
         <load_address>0x1734e</load_address>
         <run_address>0x1734e</run_address>
         <size>0x13d</size>
         <input_file_ref idref="fl-d3"/>
      </object_component>
      <object_component id="oc-25">
         <name>.debug_info</name>
         <load_address>0x1748b</load_address>
         <run_address>0x1748b</run_address>
         <size>0x10b</size>
         <input_file_ref idref="fl-d4"/>
      </object_component>
      <object_component id="oc-68">
         <name>.debug_info</name>
         <load_address>0x17596</load_address>
         <run_address>0x17596</run_address>
         <size>0x1a9</size>
         <input_file_ref idref="fl-d4"/>
      </object_component>
      <object_component id="oc-28f">
         <name>.debug_info</name>
         <load_address>0x1773f</load_address>
         <run_address>0x1773f</run_address>
         <size>0x4b3</size>
         <input_file_ref idref="fl-d5"/>
      </object_component>
      <object_component id="oc-18e">
         <name>.debug_info</name>
         <load_address>0x17bf2</load_address>
         <run_address>0x17bf2</run_address>
         <size>0x1a6</size>
         <input_file_ref idref="fl-d5"/>
      </object_component>
      <object_component id="oc-305">
         <name>.debug_info</name>
         <load_address>0x17d98</load_address>
         <run_address>0x17d98</run_address>
         <size>0x39</size>
         <input_file_ref idref="fl-d5"/>
      </object_component>
      <object_component id="oc-31b">
         <name>.debug_info</name>
         <load_address>0x17dd1</load_address>
         <run_address>0x17dd1</run_address>
         <size>0x39</size>
         <input_file_ref idref="fl-d5"/>
      </object_component>
      <object_component id="oc-30a">
         <name>.debug_info</name>
         <load_address>0x17e0a</load_address>
         <run_address>0x17e0a</run_address>
         <size>0x39</size>
         <input_file_ref idref="fl-d5"/>
      </object_component>
      <object_component id="oc-30f">
         <name>.debug_info</name>
         <load_address>0x17e43</load_address>
         <run_address>0x17e43</run_address>
         <size>0xcd</size>
         <input_file_ref idref="fl-d5"/>
      </object_component>
      <object_component id="oc-c0">
         <name>.debug_info</name>
         <load_address>0x17f10</load_address>
         <run_address>0x17f10</run_address>
         <size>0x153</size>
         <input_file_ref idref="fl-d6"/>
      </object_component>
      <object_component id="oc-184">
         <name>.debug_info</name>
         <load_address>0x18063</load_address>
         <run_address>0x18063</run_address>
         <size>0x122</size>
         <input_file_ref idref="fl-d8"/>
      </object_component>
      <object_component id="oc-2ff">
         <name>.debug_info</name>
         <load_address>0x18185</load_address>
         <run_address>0x18185</run_address>
         <size>0x2c9</size>
         <input_file_ref idref="fl-d9"/>
      </object_component>
      <object_component id="oc-289">
         <name>.debug_info</name>
         <load_address>0x1844e</load_address>
         <run_address>0x1844e</run_address>
         <size>0x11e</size>
         <input_file_ref idref="fl-d9"/>
      </object_component>
      <object_component id="oc-2f8">
         <name>.debug_info</name>
         <load_address>0x1856c</load_address>
         <run_address>0x1856c</run_address>
         <size>0x12e</size>
         <input_file_ref idref="fl-d9"/>
      </object_component>
      <object_component id="oc-356">
         <name>.debug_info</name>
         <load_address>0x1869a</load_address>
         <run_address>0x1869a</run_address>
         <size>0xd0</size>
      </object_component>
      <object_component id="oc-1fc">
         <name>.debug_line</name>
         <load_address>0x0</load_address>
         <run_address>0x0</run_address>
         <size>0x111</size>
         <input_file_ref idref="fl-2"/>
      </object_component>
      <object_component id="oc-2dc">
         <name>.debug_line</name>
         <load_address>0x111</load_address>
         <run_address>0x111</run_address>
         <size>0x30</size>
         <input_file_ref idref="fl-2"/>
      </object_component>
      <object_component id="oc-2de">
         <name>.debug_line</name>
         <load_address>0x141</load_address>
         <run_address>0x141</run_address>
         <size>0x30</size>
         <input_file_ref idref="fl-2"/>
      </object_component>
      <object_component id="oc-2e0">
         <name>.debug_line</name>
         <load_address>0x171</load_address>
         <run_address>0x171</run_address>
         <size>0x30</size>
         <input_file_ref idref="fl-2"/>
      </object_component>
      <object_component id="oc-2e2">
         <name>.debug_line</name>
         <load_address>0x1a1</load_address>
         <run_address>0x1a1</run_address>
         <size>0x30</size>
         <input_file_ref idref="fl-2"/>
      </object_component>
      <object_component id="oc-2e4">
         <name>.debug_line</name>
         <load_address>0x1d1</load_address>
         <run_address>0x1d1</run_address>
         <size>0x30</size>
         <input_file_ref idref="fl-2"/>
      </object_component>
      <object_component id="oc-2e6">
         <name>.debug_line</name>
         <load_address>0x201</load_address>
         <run_address>0x201</run_address>
         <size>0x30</size>
         <input_file_ref idref="fl-2"/>
      </object_component>
      <object_component id="oc-2e8">
         <name>.debug_line</name>
         <load_address>0x231</load_address>
         <run_address>0x231</run_address>
         <size>0x30</size>
         <input_file_ref idref="fl-2"/>
      </object_component>
      <object_component id="oc-2ea">
         <name>.debug_line</name>
         <load_address>0x261</load_address>
         <run_address>0x261</run_address>
         <size>0x30</size>
         <input_file_ref idref="fl-2"/>
      </object_component>
      <object_component id="oc-2ec">
         <name>.debug_line</name>
         <load_address>0x291</load_address>
         <run_address>0x291</run_address>
         <size>0x30</size>
         <input_file_ref idref="fl-2"/>
      </object_component>
      <object_component id="oc-2ee">
         <name>.debug_line</name>
         <load_address>0x2c1</load_address>
         <run_address>0x2c1</run_address>
         <size>0x30</size>
         <input_file_ref idref="fl-2"/>
      </object_component>
      <object_component id="oc-2f0">
         <name>.debug_line</name>
         <load_address>0x2f1</load_address>
         <run_address>0x2f1</run_address>
         <size>0x30</size>
         <input_file_ref idref="fl-2"/>
      </object_component>
      <object_component id="oc-2f2">
         <name>.debug_line</name>
         <load_address>0x321</load_address>
         <run_address>0x321</run_address>
         <size>0x30</size>
         <input_file_ref idref="fl-2"/>
      </object_component>
      <object_component id="oc-2f4">
         <name>.debug_line</name>
         <load_address>0x351</load_address>
         <run_address>0x351</run_address>
         <size>0x30</size>
         <input_file_ref idref="fl-2"/>
      </object_component>
      <object_component id="oc-17a">
         <name>.debug_line</name>
         <load_address>0x381</load_address>
         <run_address>0x381</run_address>
         <size>0x300</size>
         <input_file_ref idref="fl-2"/>
      </object_component>
      <object_component id="oc-21e">
         <name>.debug_line</name>
         <load_address>0x681</load_address>
         <run_address>0x681</run_address>
         <size>0x37</size>
         <input_file_ref idref="fl-2"/>
      </object_component>
      <object_component id="oc-205">
         <name>.debug_line</name>
         <load_address>0x6b8</load_address>
         <run_address>0x6b8</run_address>
         <size>0x70</size>
         <input_file_ref idref="fl-2"/>
      </object_component>
      <object_component id="oc-214">
         <name>.debug_line</name>
         <load_address>0x728</load_address>
         <run_address>0x728</run_address>
         <size>0x31</size>
         <input_file_ref idref="fl-2"/>
      </object_component>
      <object_component id="oc-282">
         <name>.debug_line</name>
         <load_address>0x759</load_address>
         <run_address>0x759</run_address>
         <size>0x30</size>
         <input_file_ref idref="fl-2"/>
      </object_component>
      <object_component id="oc-9a">
         <name>.debug_line</name>
         <load_address>0x789</load_address>
         <run_address>0x789</run_address>
         <size>0x6f</size>
         <input_file_ref idref="fl-2"/>
      </object_component>
      <object_component id="oc-119">
         <name>.debug_line</name>
         <load_address>0x7f8</load_address>
         <run_address>0x7f8</run_address>
         <size>0x74</size>
         <input_file_ref idref="fl-2"/>
      </object_component>
      <object_component id="oc-200">
         <name>.debug_line</name>
         <load_address>0x86c</load_address>
         <run_address>0x86c</run_address>
         <size>0x71</size>
         <input_file_ref idref="fl-2"/>
      </object_component>
      <object_component id="oc-20a">
         <name>.debug_line</name>
         <load_address>0x8dd</load_address>
         <run_address>0x8dd</run_address>
         <size>0x72</size>
         <input_file_ref idref="fl-2"/>
      </object_component>
      <object_component id="oc-44">
         <name>.debug_line</name>
         <load_address>0x94f</load_address>
         <run_address>0x94f</run_address>
         <size>0x20</size>
         <input_file_ref idref="fl-2"/>
      </object_component>
      <object_component id="oc-8e">
         <name>.debug_line</name>
         <load_address>0x96f</load_address>
         <run_address>0x96f</run_address>
         <size>0x74</size>
         <input_file_ref idref="fl-2"/>
      </object_component>
      <object_component id="oc-219">
         <name>.debug_line</name>
         <load_address>0x9e3</load_address>
         <run_address>0x9e3</run_address>
         <size>0x31</size>
         <input_file_ref idref="fl-2"/>
      </object_component>
      <object_component id="oc-11f">
         <name>.debug_line</name>
         <load_address>0xa14</load_address>
         <run_address>0xa14</run_address>
         <size>0x73</size>
         <input_file_ref idref="fl-2"/>
      </object_component>
      <object_component id="oc-9f">
         <name>.debug_line</name>
         <load_address>0xa87</load_address>
         <run_address>0xa87</run_address>
         <size>0x70</size>
         <input_file_ref idref="fl-2"/>
      </object_component>
      <object_component id="oc-10a">
         <name>.debug_line</name>
         <load_address>0xaf7</load_address>
         <run_address>0xaf7</run_address>
         <size>0x6b</size>
         <input_file_ref idref="fl-2"/>
      </object_component>
      <object_component id="oc-93">
         <name>.debug_line</name>
         <load_address>0xb62</load_address>
         <run_address>0xb62</run_address>
         <size>0x7d</size>
         <input_file_ref idref="fl-2"/>
      </object_component>
      <object_component id="oc-20f">
         <name>.debug_line</name>
         <load_address>0xbdf</load_address>
         <run_address>0xbdf</run_address>
         <size>0x2c</size>
         <input_file_ref idref="fl-2"/>
      </object_component>
      <object_component id="oc-114">
         <name>.debug_line</name>
         <load_address>0xc0b</load_address>
         <run_address>0xc0b</run_address>
         <size>0x70</size>
         <input_file_ref idref="fl-2"/>
      </object_component>
      <object_component id="oc-2b6">
         <name>.debug_line</name>
         <load_address>0xc7b</load_address>
         <run_address>0xc7b</run_address>
         <size>0x7c</size>
         <input_file_ref idref="fl-3"/>
      </object_component>
      <object_component id="oc-141">
         <name>.debug_line</name>
         <load_address>0xcf7</load_address>
         <run_address>0xcf7</run_address>
         <size>0x7f</size>
         <input_file_ref idref="fl-3"/>
      </object_component>
      <object_component id="oc-10f">
         <name>.debug_line</name>
         <load_address>0xd76</load_address>
         <run_address>0xd76</run_address>
         <size>0x70</size>
         <input_file_ref idref="fl-3"/>
      </object_component>
      <object_component id="oc-2da">
         <name>.debug_line</name>
         <load_address>0xde6</load_address>
         <run_address>0xde6</run_address>
         <size>0xe4</size>
         <input_file_ref idref="fl-4"/>
      </object_component>
      <object_component id="oc-175">
         <name>.debug_line</name>
         <load_address>0xeca</load_address>
         <run_address>0xeca</run_address>
         <size>0x7b</size>
         <input_file_ref idref="fl-4"/>
      </object_component>
      <object_component id="oc-2bf">
         <name>.debug_line</name>
         <load_address>0xf45</load_address>
         <run_address>0xf45</run_address>
         <size>0x15d</size>
         <input_file_ref idref="fl-5"/>
      </object_component>
      <object_component id="oc-15a">
         <name>.debug_line</name>
         <load_address>0x10a2</load_address>
         <run_address>0x10a2</run_address>
         <size>0x1ae</size>
         <input_file_ref idref="fl-5"/>
      </object_component>
      <object_component id="oc-1c8">
         <name>.debug_line</name>
         <load_address>0x1250</load_address>
         <run_address>0x1250</run_address>
         <size>0x6b</size>
         <input_file_ref idref="fl-5"/>
      </object_component>
      <object_component id="oc-1d7">
         <name>.debug_line</name>
         <load_address>0x12bb</load_address>
         <run_address>0x12bb</run_address>
         <size>0x74</size>
         <input_file_ref idref="fl-5"/>
      </object_component>
      <object_component id="oc-138">
         <name>.debug_line</name>
         <load_address>0x132f</load_address>
         <run_address>0x132f</run_address>
         <size>0x69</size>
         <input_file_ref idref="fl-6"/>
      </object_component>
      <object_component id="oc-2b2">
         <name>.debug_line</name>
         <load_address>0x1398</load_address>
         <run_address>0x1398</run_address>
         <size>0x70</size>
         <input_file_ref idref="fl-7"/>
      </object_component>
      <object_component id="oc-2b0">
         <name>.debug_line</name>
         <load_address>0x1408</load_address>
         <run_address>0x1408</run_address>
         <size>0x2f</size>
         <input_file_ref idref="fl-7"/>
      </object_component>
      <object_component id="oc-2a7">
         <name>.debug_line</name>
         <load_address>0x1437</load_address>
         <run_address>0x1437</run_address>
         <size>0x2f</size>
         <input_file_ref idref="fl-7"/>
      </object_component>
      <object_component id="oc-2ae">
         <name>.debug_line</name>
         <load_address>0x1466</load_address>
         <run_address>0x1466</run_address>
         <size>0x2f</size>
         <input_file_ref idref="fl-7"/>
      </object_component>
      <object_component id="oc-2a5">
         <name>.debug_line</name>
         <load_address>0x1495</load_address>
         <run_address>0x1495</run_address>
         <size>0x2f</size>
         <input_file_ref idref="fl-7"/>
      </object_component>
      <object_component id="oc-df">
         <name>.debug_line</name>
         <load_address>0x14c4</load_address>
         <run_address>0x14c4</run_address>
         <size>0x106</size>
         <input_file_ref idref="fl-7"/>
      </object_component>
      <object_component id="oc-2ab">
         <name>.debug_line</name>
         <load_address>0x15ca</load_address>
         <run_address>0x15ca</run_address>
         <size>0x2f</size>
         <input_file_ref idref="fl-7"/>
      </object_component>
      <object_component id="oc-2d6">
         <name>.debug_line</name>
         <load_address>0x15f9</load_address>
         <run_address>0x15f9</run_address>
         <size>0xcd</size>
         <input_file_ref idref="fl-8"/>
      </object_component>
      <object_component id="oc-2d4">
         <name>.debug_line</name>
         <load_address>0x16c6</load_address>
         <run_address>0x16c6</run_address>
         <size>0x2c</size>
         <input_file_ref idref="fl-8"/>
      </object_component>
      <object_component id="oc-16b">
         <name>.debug_line</name>
         <load_address>0x16f2</load_address>
         <run_address>0x16f2</run_address>
         <size>0x148</size>
         <input_file_ref idref="fl-8"/>
      </object_component>
      <object_component id="oc-2d0">
         <name>.debug_line</name>
         <load_address>0x183a</load_address>
         <run_address>0x183a</run_address>
         <size>0xcd</size>
         <input_file_ref idref="fl-9"/>
      </object_component>
      <object_component id="oc-2d2">
         <name>.debug_line</name>
         <load_address>0x1907</load_address>
         <run_address>0x1907</run_address>
         <size>0x2c</size>
         <input_file_ref idref="fl-9"/>
      </object_component>
      <object_component id="oc-2c9">
         <name>.debug_line</name>
         <load_address>0x1933</load_address>
         <run_address>0x1933</run_address>
         <size>0x2c</size>
         <input_file_ref idref="fl-9"/>
      </object_component>
      <object_component id="oc-166">
         <name>.debug_line</name>
         <load_address>0x195f</load_address>
         <run_address>0x195f</run_address>
         <size>0x29f</size>
         <input_file_ref idref="fl-9"/>
      </object_component>
      <object_component id="oc-2cd">
         <name>.debug_line</name>
         <load_address>0x1bfe</load_address>
         <run_address>0x1bfe</run_address>
         <size>0x2c</size>
         <input_file_ref idref="fl-9"/>
      </object_component>
      <object_component id="oc-2d8">
         <name>.debug_line</name>
         <load_address>0x1c2a</load_address>
         <run_address>0x1c2a</run_address>
         <size>0x81</size>
         <input_file_ref idref="fl-a"/>
      </object_component>
      <object_component id="oc-16f">
         <name>.debug_line</name>
         <load_address>0x1cab</load_address>
         <run_address>0x1cab</run_address>
         <size>0xec</size>
         <input_file_ref idref="fl-a"/>
      </object_component>
      <object_component id="oc-2b4">
         <name>.debug_line</name>
         <load_address>0x1d97</load_address>
         <run_address>0x1d97</run_address>
         <size>0x20</size>
         <input_file_ref idref="fl-b"/>
      </object_component>
      <object_component id="oc-e5">
         <name>.debug_line</name>
         <load_address>0x1db7</load_address>
         <run_address>0x1db7</run_address>
         <size>0xe0</size>
         <input_file_ref idref="fl-b"/>
      </object_component>
      <object_component id="oc-22c">
         <name>.debug_line</name>
         <load_address>0x1e97</load_address>
         <run_address>0x1e97</run_address>
         <size>0x1af</size>
         <input_file_ref idref="fl-c"/>
      </object_component>
      <object_component id="oc-c3">
         <name>.debug_line</name>
         <load_address>0x2046</load_address>
         <run_address>0x2046</run_address>
         <size>0x74</size>
         <input_file_ref idref="fl-c"/>
      </object_component>
      <object_component id="oc-106">
         <name>.debug_line</name>
         <load_address>0x20ba</load_address>
         <run_address>0x20ba</run_address>
         <size>0x7d</size>
         <input_file_ref idref="fl-e"/>
      </object_component>
      <object_component id="oc-dd">
         <name>.debug_line</name>
         <load_address>0x2137</load_address>
         <run_address>0x2137</run_address>
         <size>0x2d</size>
         <input_file_ref idref="fl-e"/>
      </object_component>
      <object_component id="oc-104">
         <name>.debug_line</name>
         <load_address>0x2164</load_address>
         <run_address>0x2164</run_address>
         <size>0x2d</size>
         <input_file_ref idref="fl-e"/>
      </object_component>
      <object_component id="oc-37">
         <name>.debug_line</name>
         <load_address>0x2191</load_address>
         <run_address>0x2191</run_address>
         <size>0x12f</size>
         <input_file_ref idref="fl-e"/>
      </object_component>
      <object_component id="oc-2f">
         <name>.debug_line</name>
         <load_address>0x22c0</load_address>
         <run_address>0x22c0</run_address>
         <size>0xc2</size>
         <input_file_ref idref="fl-f"/>
      </object_component>
      <object_component id="oc-2b8">
         <name>.debug_line</name>
         <load_address>0x2382</load_address>
         <run_address>0x2382</run_address>
         <size>0x171</size>
         <input_file_ref idref="fl-10"/>
      </object_component>
      <object_component id="oc-144">
         <name>.debug_line</name>
         <load_address>0x24f3</load_address>
         <run_address>0x24f3</run_address>
         <size>0x72b</size>
         <input_file_ref idref="fl-10"/>
      </object_component>
      <object_component id="oc-2bc">
         <name>.debug_line</name>
         <load_address>0x2c1e</load_address>
         <run_address>0x2c1e</run_address>
         <size>0x2e</size>
         <input_file_ref idref="fl-10"/>
      </object_component>
      <object_component id="oc-228">
         <name>.debug_line</name>
         <load_address>0x2c4c</load_address>
         <run_address>0x2c4c</run_address>
         <size>0x71</size>
         <input_file_ref idref="fl-10"/>
      </object_component>
      <object_component id="oc-1cd">
         <name>.debug_line</name>
         <load_address>0x2cbd</load_address>
         <run_address>0x2cbd</run_address>
         <size>0x74</size>
         <input_file_ref idref="fl-10"/>
      </object_component>
      <object_component id="oc-2c1">
         <name>.debug_line</name>
         <load_address>0x2d31</load_address>
         <run_address>0x2d31</run_address>
         <size>0xe9</size>
         <input_file_ref idref="fl-11"/>
      </object_component>
      <object_component id="oc-2c7">
         <name>.debug_line</name>
         <load_address>0x2e1a</load_address>
         <run_address>0x2e1a</run_address>
         <size>0x37</size>
[...]
         <object_component_ref idref="oc-e4"/>
      </symbol>
      <symbol id="sm-3a3">
         <name>vListInsert</name>
         <value>0x53b9</value>
         <object_component_ref idref="oc-e4"/>
      </symbol>
      <symbol id="sm-3a4">
         <name>vListInitialiseItem</name>
         <value>0x536d</value>
         <object_component_ref idref="oc-e4"/>
      </symbol>
      <symbol id="sm-3a5">
         <name>vListInsertEnd</name>
         <value>0x537d</value>
         <object_component_ref idref="oc-e4"/>
      </symbol>
      <symbol id="sm-3a6">
         <name>vListInitialise</name>
         <value>0x533d</value>
         <object_component_ref idref="oc-e4"/>
      </symbol>
      <symbol id="sm-3d2">
         <name>xQueue_keypad</name>
         <value>0x20001cb8</value>
      </symbol>
      <symbol id="sm-3d3">
         <name>xQueue_lcd</name>
         <value>0x20001cbc</value>
      </symbol>
      <symbol id="sm-3d4">
         <name>xQueue_elevator</name>
         <value>0x20001cb0</value>
      </symbol>
      <symbol id="sm-3d5">
         <name>xQueue_encoder</name>
         <value>0x20001cb4</value>
      </symbol>
      <symbol id="sm-3d6">
         <name>xQueue_button</name>
         <value>0x20001cac</value>
      </symbol>
      <symbol id="sm-3d7">
         <name>xSemaphore_keypad</name>
         <value>0x20001ccc</value>
      </symbol>
      <symbol id="sm-3d8">
         <name>xSemaphore_lcd</name>
         <value>0x20001cd0</value>
      </symbol>
      <symbol id="sm-3d9">
         <name>xSemaphore_ele_state</name>
         <value>0x20001cc4</value>
      </symbol>
      <symbol id="sm-3da">
         <name>xSemaphore_ele_flr</name>
         <value>0x20001cc0</value>
      </symbol>
      <symbol id="sm-3db">
         <name>xSemaphore_enc</name>
         <value>0x20001cc8</value>
      </symbol>
      <symbol id="sm-3dc">
         <name>main</name>
         <value>0x4f95</value>
         <object_component_ref idref="oc-c2"/>
      </symbol>
      <symbol id="sm-40d">
         <name>ulMaxSyscallInterruptPriority</name>
         <value>0x5a9c</value>
         <object_component_ref idref="oc-7c"/>
      </symbol>
      <symbol id="sm-40e">
         <name>vPortSetupTimerInterrupt</name>
         <value>0x52ff</value>
         <object_component_ref idref="oc-32"/>
      </symbol>
      <symbol id="sm-40f">
         <name>vPortEndScheduler</name>
         <value>0x52a1</value>
         <object_component_ref idref="oc-32"/>
      </symbol>
      <symbol id="sm-410">
         <name>xPortSysTickHandler</name>
         <value>0x52d9</value>
         <object_component_ref idref="oc-32"/>
      </symbol>
      <symbol id="sm-411">
         <name>pxPortInitialiseStack</name>
         <value>0x5201</value>
         <object_component_ref idref="oc-32"/>
      </symbol>
      <symbol id="sm-412">
         <name>vPortExitCritical</name>
         <value>0x52c3</value>
         <object_component_ref idref="oc-32"/>
      </symbol>
      <symbol id="sm-413">
         <name>xPortStartScheduler</name>
         <value>0x526b</value>
         <object_component_ref idref="oc-32"/>
      </symbol>
      <symbol id="sm-414">
         <name>vPortEnterCritical</name>
         <value>0x52a3</value>
         <object_component_ref idref="oc-32"/>
      </symbol>
      <symbol id="sm-423">
         <name>vPortStartFirstTask</name>
         <value>0x5511</value>
         <object_component_ref idref="oc-2d"/>
      </symbol>
      <symbol id="sm-424">
         <name>ulPortGetIPSR</name>
         <value>0x5479</value>
         <object_component_ref idref="oc-2d"/>
      </symbol>
      <symbol id="sm-425">
         <name>vPortEnableVFP</name>
         <value>0x5535</value>
         <object_component_ref idref="oc-2d"/>
      </symbol>
      <symbol id="sm-426">
         <name>xPortPendSVHandler</name>
         <value>0x5491</value>
         <object_component_ref idref="oc-2d"/>
      </symbol>
      <symbol id="sm-427">
         <name>vPortSVCHandler</name>
         <value>0x54f1</value>
         <object_component_ref idref="oc-2d"/>
      </symbol>
      <symbol id="sm-4e0">
         <name>xQueuePeekFromISR</name>
         <value>0x379f</value>
         <object_component_ref idref="oc-143"/>
      </symbol>
      <symbol id="sm-4e1">
         <name>xQueueIsQueueEmptyFromISR</name>
         <value>0x3a37</value>
         <object_component_ref idref="oc-143"/>
      </symbol>
      <symbol id="sm-4e2">
         <name>xQueueGenericSendFromISR</name>
         <value>0x3235</value>
         <object_component_ref idref="oc-143"/>
      </symbol>
      <symbol id="sm-4e3">
         <name>uxQueueMessagesWaiting</name>
         <value>0x37f1</value>
         <object_component_ref idref="oc-143"/>
      </symbol>
      <symbol id="sm-4e4">
         <name>xQueueIsQueueFullFromISR</name>
         <value>0x3a7d</value>
         <object_component_ref idref="oc-143"/>
      </symbol>
      <symbol id="sm-4e5">
         <name>xQueueGenericCreate</name>
         <value>0x2f8b</value>
         <object_component_ref idref="oc-143"/>
      </symbol>
      <symbol id="sm-4e6">
         <name>xQueueCreateMutex</name>
         <value>0x305b</value>
         <object_component_ref idref="oc-143"/>
      </symbol>
      <symbol id="sm-4e7">
         <name>xQueueGenericSend</name>
         <value>0x3107</value>
         <object_component_ref idref="oc-143"/>
      </symbol>
      <symbol id="sm-4e8">
         <name>xQueueGenericReset</name>
         <value>0x2eb9</value>
         <object_component_ref idref="oc-143"/>
      </symbol>
      <symbol id="sm-4e9">
         <name>xQueueReceiveFromISR</name>
         <value>0x3705</value>
         <object_component_ref idref="oc-143"/>
      </symbol>
      <symbol id="sm-4ea">
         <name>uxQueueSpacesAvailable</name>
         <value>0x3807</value>
         <object_component_ref idref="oc-143"/>
      </symbol>
      <symbol id="sm-4eb">
         <name>xQueueGiveMutexRecursive</name>
         <value>0x3087</value>
         <object_component_ref idref="oc-143"/>
      </symbol>
      <symbol id="sm-4ec">
         <name>xQueueSemaphoreTake</name>
         <value>0x3489</value>
         <object_component_ref idref="oc-143"/>
      </symbol>
      <symbol id="sm-4ed">
         <name>xQueueGiveFromISR</name>
         <value>0x32d7</value>
         <object_component_ref idref="oc-143"/>
      </symbol>
      <symbol id="sm-4ee">
         <name>uxQueueMessagesWaitingFromISR</name>
         <value>0x3827</value>
         <object_component_ref idref="oc-143"/>
      </symbol>
      <symbol id="sm-4ef">
         <name>xQueueTakeMutexRecursive</name>
         <value>0x30c3</value>
         <object_component_ref idref="oc-143"/>
      </symbol>
      <symbol id="sm-4f0">
         <name>vQueueDelete</name>
         <value>0x383d</value>
         <object_component_ref idref="oc-143"/>
      </symbol>
      <symbol id="sm-4f1">
         <name>xQueuePeek</name>
         <value>0x35e3</value>
         <object_component_ref idref="oc-143"/>
      </symbol>
      <symbol id="sm-4f2">
         <name>xQueueReceive</name>
         <value>0x336b</value>
         <object_component_ref idref="oc-143"/>
      </symbol>
      <symbol id="sm-54f">
         <name>data</name>
         <value>0x20001c84</value>
      </symbol>
      <symbol id="sm-550">
         <name>handle_encoder</name>
         <value>0x43bf</value>
         <object_component_ref idref="oc-15b"/>
      </symbol>
      <symbol id="sm-551">
         <name>encoder_cnt</name>
         <value>0x20001f34</value>
         <object_component_ref idref="oc-23c"/>
      </symbol>
      <symbol id="sm-552">
         <name>change_int_to_char</name>
         <value>0x4329</value>
         <object_component_ref idref="oc-15b"/>
      </symbol>
      <symbol id="sm-553">
         <name>rotary_encoder_task</name>
         <value>0x457d</value>
         <object_component_ref idref="oc-15b"/>
      </symbol>
      <symbol id="sm-554">
         <name>init_strct</name>
         <value>0x4399</value>
         <object_component_ref idref="oc-15b"/>
      </symbol>
      <symbol id="sm-570">
         <name>ResetISR</name>
         <value>0x59db</value>
         <object_component_ref idref="oc-27"/>
      </symbol>
      <symbol id="sm-571">
         <name>g_pfnVectors</name>
         <value>0x0</value>
         <object_component_ref idref="oc-12"/>
      </symbol>
      <symbol id="sm-582">
         <name>init_systick</name>
         <value>0x5841</value>
         <object_component_ref idref="oc-131"/>
      </symbol>
      <symbol id="sm-773">
         <name>vTaskDelay</name>
         <value>0x5eb</value>
         <object_component_ref idref="oc-7f"/>
      </symbol>
      <symbol id="sm-774">
         <name>vTaskSuspendAll</name>
         <value>0xb33</value>
         <object_component_ref idref="oc-7f"/>
      </symbol>
      <symbol id="sm-775">
         <name>vTaskPlaceOnEventList</name>
         <value>0xf9b</value>
         <object_component_ref idref="oc-7f"/>
      </symbol>
      <symbol id="sm-776">
         <name>uxTaskPriorityGetFromISR</name>
         <value>0x64d</value>
         <object_component_ref idref="oc-7f"/>
      </symbol>
      <symbol id="sm-777">
         <name>pcTaskGetName</name>
         <value>0xd11</value>
         <object_component_ref idref="oc-7f"/>
      </symbol>
      <symbol id="sm-778">
         <name>xTaskCheckForTimeOut</name>
         <value>0x12dd</value>
         <object_component_ref idref="oc-7f"/>
      </symbol>
      <symbol id="sm-779">
         <name>vTaskGenericNotifyGiveFromISR</name>
         <value>0x1cb1</value>
         <object_component_ref idref="oc-7f"/>
      </symbol>
      <symbol id="sm-77a">
         <name>vTaskRemoveFromUnorderedEventList</name>
         <value>0x1195</value>
         <object_component_ref idref="oc-7f"/>
      </symbol>
      <symbol id="sm-77b">
         <name>vTaskPrioritySet</name>
         <value>0x6a9</value>
         <object_component_ref idref="oc-7f"/>
      </symbol>
      <symbol id="sm-77c">
         <name>xTaskPriorityDisinherit</name>
         <value>0x15a9</value>
         <object_component_ref idref="oc-7f"/>
      </symbol>
      <symbol id="sm-77d">
         <name>vTaskStartScheduler</name>
         <value>0xacd</value>
         <object_component_ref idref="oc-7f"/>
      </symbol>
      <symbol id="sm-77e">
         <name>vTaskInternalSetTimeOutState</name>
         <value>0x12bd</value>
         <object_component_ref idref="oc-7f"/>
      </symbol>
      <symbol id="sm-77f">
         <name>pvTaskIncrementMutexHeldCount</name>
         <value>0x17c9</value>
         <object_component_ref idref="oc-7f"/>
      </symbol>
      <symbol id="sm-780">
         <name>xTaskGenericNotifyStateClear</name>
         <value>0x1e09</value>
         <object_component_ref idref="oc-7f"/>
      </symbol>
      <symbol id="sm-781">
         <name>xTaskGenericNotify</name>
         <value>0x1951</value>
         <object_component_ref idref="oc-7f"/>
      </symbol>
      <symbol id="sm-782">
         <name>vTaskPriorityDisinheritAfterTimeout</name>
         <value>0x16a1</value>
         <object_component_ref idref="oc-7f"/>
      </symbol>
      <symbol id="sm-783">
         <name>xTaskCreate</name>
         <value>0x26d</value>
         <object_component_ref idref="oc-7f"/>
      </symbol>
      <symbol id="sm-784">
         <name>xTaskDelayUntil</name>
         <value>0x55b</value>
         <object_component_ref idref="oc-7f"/>
      </symbol>
      <symbol id="sm-785">
         <name>vTaskEndScheduler</name>
         <value>0xb17</value>
         <object_component_ref idref="oc-7f"/>
      </symbol>
      <symbol id="sm-786">
         <name>vTaskMissedYield</name>
         <value>0x1361</value>
         <object_component_ref idref="oc-7f"/>
      </symbol>
      <symbol id="sm-787">
         <name>uxTaskGetNumberOfTasks</name>
         <value>0xd01</value>
         <object_component_ref idref="oc-7f"/>
      </symbol>
      <symbol id="sm-788">
         <name>xTaskCatchUpTicks</name>
         <value>0xd31</value>
         <object_component_ref idref="oc-7f"/>
      </symbol>
      <symbol id="sm-789">
         <name>xTaskGenericNotifyFromISR</name>
         <value>0x1ad9</value>
         <object_component_ref idref="oc-7f"/>
      </symbol>
      <symbol id="sm-78a">
         <name>uxTaskPriorityGet</name>
         <value>0x621</value>
         <object_component_ref idref="oc-7f"/>
      </symbol>
      <symbol id="sm-78b">
         <name>xTaskResumeAll</name>
         <value>0xb49</value>
         <object_component_ref idref="oc-7f"/>
      </symbol>
      <symbol id="sm-78c">
         <name>xTaskGetTickCount</name>
         <value>0xcd5</value>
         <object_component_ref idref="oc-7f"/>
      </symbol>
      <symbol id="sm-78d">
         <name>ulTaskGenericNotifyTake</name>
         <value>0x17e9</value>
         <object_component_ref idref="oc-7f"/>
      </symbol>
      <symbol id="sm-78e">
         <name>vTaskDelete</name>
         <value>0x4a3</value>
         <object_component_ref idref="oc-7f"/>
      </symbol>
      <symbol id="sm-78f">
         <name>ulTaskGenericNotifyValueClear</name>
         <value>0x1e59</value>
         <object_component_ref idref="oc-7f"/>
      </symbol>
      <symbol id="sm-790">
         <name>xTaskGenericNotifyWait</name>
         <value>0x188f</value>
         <object_component_ref idref="oc-7f"/>
      </symbol>
      <symbol id="sm-791">
         <name>pxCurrentTCB</name>
         <value>0x20001ee0</value>
         <object_component_ref idref="oc-79"/>
      </symbol>
      <symbol id="sm-792">
         <name>vTaskSuspend</name>
         <value>0x801</value>
         <object_component_ref idref="oc-7f"/>
      </symbol>
      <symbol id="sm-793">
         <name>xTaskGetTickCountFromISR</name>
         <value>0xce9</value>
         <object_component_ref idref="oc-7f"/>
      </symbol>
      <symbol id="sm-794">
         <name>vTaskResume</name>
         <value>0x92b</value>
         <object_component_ref idref="oc-7f"/>
      </symbol>
      <symbol id="sm-795">
         <name>uxTopUsedPriority</name>
         <value>0x5aa0</value>
         <object_component_ref idref="oc-f6"/>
      </symbol>
      <symbol id="sm-796">
         <name>vTaskSetTimeOutState</name>
         <value>0x129f</value>
         <object_component_ref idref="oc-7f"/>
      </symbol>
      <symbol id="sm-797">
         <name>xTaskIncrementTick</name>
         <value>0xd6d</value>
         <object_component_ref idref="oc-7f"/>
      </symbol>
      <symbol id="sm-798">
         <name>vTaskSwitchContext</name>
         <value>0xf39</value>
         <object_component_ref idref="oc-7f"/>
      </symbol>
      <symbol id="sm-799">
         <name>uxTaskResetEventItemValue</name>
         <value>0x17a1</value>
         <object_component_ref idref="oc-7f"/>
      </symbol>
      <symbol id="sm-79a">
         <name>xTaskResumeFromISR</name>
         <value>0x9f5</value>
         <object_component_ref idref="oc-7f"/>
      </symbol>
      <symbol id="sm-79b">
         <name>xTaskGetCurrentTaskHandle</name>
         <value>0x1465</value>
         <object_component_ref idref="oc-7f"/>
      </symbol>
      <symbol id="sm-79c">
         <name>vTaskPlaceOnUnorderedEventList</name>
         <value>0xfbd</value>
         <object_component_ref idref="oc-7f"/>
      </symbol>
      <symbol id="sm-79d">
         <name>xTaskRemoveFromEventList</name>
         <value>0x1035</value>
         <object_component_ref idref="oc-7f"/>
      </symbol>
      <symbol id="sm-79e">
         <name>xTaskPriorityInherit</name>
         <value>0x1489</value>
         <object_component_ref idref="oc-7f"/>
      </symbol>
      <symbol id="sm-7b9">
         <name>memcpy</name>
         <value>0x5699</value>
         <object_component_ref idref="oc-46"/>
      </symbol>
      <symbol id="sm-7ba">
         <name>__aeabi_memcpy</name>
         <value>0x5699</value>
         <object_component_ref idref="oc-46"/>
      </symbol>
      <symbol id="sm-7bb">
         <name>__aeabi_memcpy8</name>
         <value>0x5699</value>
         <object_component_ref idref="oc-46"/>
      </symbol>
      <symbol id="sm-7bc">
         <name>__aeabi_memcpy4</name>
         <value>0x5699</value>
         <object_component_ref idref="oc-46"/>
      </symbol>
      <symbol id="sm-7cb">
         <name>__aeabi_memset</name>
         <value>0x57c7</value>
         <object_component_ref idref="oc-b6"/>
      </symbol>
      <symbol id="sm-7cc">
         <name>memset</name>
         <value>0x57cd</value>
         <object_component_ref idref="oc-b6"/>
      </symbol>
      <symbol id="sm-7cd">
         <name>__aeabi_memset8</name>
         <value>0x57c7</value>
         <object_component_ref idref="oc-b6"/>
      </symbol>
      <symbol id="sm-7ce">
         <name>__aeabi_memset4</name>
         <value>0x57c7</value>
         <object_component_ref idref="oc-b6"/>
      </symbol>
      <symbol id="sm-7cf">
         <name>__aeabi_memclr8</name>
         <value>0x57c5</value>
         <object_component_ref idref="oc-b6"/>
      </symbol>
      <symbol id="sm-7d0">
         <name>__aeabi_memclr4</name>
         <value>0x57c5</value>
         <object_component_ref idref="oc-b6"/>
      </symbol>
      <symbol id="sm-7d1">
         <name>__aeabi_memclr</name>
         <value>0x57c5</value>
         <object_component_ref idref="oc-b6"/>
      </symbol>
      <symbol id="sm-7e8">
         <name>__TI_zero_init</name>
         <value>0x59cf</value>
         <object_component_ref idref="oc-58"/>
      </symbol>
      <symbol id="sm-7ff">
         <name>__TI_decompress_none</name>
         <value>0x59c1</value>
         <object_component_ref idref="oc-1b"/>
      </symbol>
      <symbol id="sm-822">
         <name>__TI_decompress_lzss</name>
         <value>0x58ad</value>
         <object_component_ref idref="oc-15"/>
      </symbol>
      <symbol id="sm-838">
         <name>rand</name>
         <value>0x598d</value>
         <object_component_ref idref="oc-236"/>
      </symbol>
      <symbol id="sm-84b">
         <name>__stack</name>
         <value>0x20001ce0</value>
         <object_component_ref idref="oc-24"/>
      </symbol>
      <symbol id="sm-84c">
         <name>_c_int00_noargs</name>
         <value>0x5959</value>
         <object_component_ref idref="oc-64"/>
      </symbol>
      <symbol id="sm-874">
         <name>__TI_auto_init_nobinit_nopinit</name>
         <value>0x5915</value>
         <object_component_ref idref="oc-18c"/>
      </symbol>
      <symbol id="sm-87e">
         <name>_system_pre_init</name>
         <value>0x59e7</value>
         <object_component_ref idref="oc-bc"/>
      </symbol>
      <symbol id="sm-88a">
         <name>C$$EXIT</name>
         <value>0x59eb</value>
         <object_component_ref idref="oc-180"/>
      </symbol>
      <symbol id="sm-88b">
         <name>abort</name>
         <value>0x59eb</value>
         <object_component_ref idref="oc-180"/>
      </symbol>
      <symbol id="sm-8a0">
         <name>_nop</name>
         <value>0x3aa3</value>
         <object_component_ref idref="oc-2f7"/>
      </symbol>
      <symbol id="sm-8a1">
         <name>_lock</name>
         <value>0x20001f14</value>
         <object_component_ref idref="oc-288"/>
      </symbol>
      <symbol id="sm-8a2">
         <name>_unlock</name>
         <value>0x20001f18</value>
         <object_component_ref idref="oc-288"/>
      </symbol>
      <symbol id="sm-8a4">
         <name>__TI_static_base__</name>
         <value>0x0</value>
      </symbol>
      <symbol id="sm-8a7">
         <name>__mpu_init</name>
         <value>0x0</value>
      </symbol>
      <symbol id="sm-8a8">
         <name>_system_post_cinit</name>
         <value>0x0</value>
      </symbol>
   </symbol_table>
   <title>Link successful</title>
</link_info>
