******************************************************************************
                  TI ARM Linker PC v20.2.7                     
******************************************************************************
>> Linked Mon Jun  9 21:56:16 2025

OUTPUT FILE NAME:   <Final_Assignment.out>
ENTRY POINT SYMBOL: "_c_int00_noargs"  address: 00005959


MEMORY CONFIGURATION

         name            origin    length      used     unused   attr    fill
----------------------  --------  ---------  --------  --------  ----  --------
  FLASH                 00000000   00040000  00005aea  0003a516  R  X
  SRAM                  20000000   00008000  00001f36  000060ca  RW X


SEGMENT ALLOCATION MAP

run origin  load origin   length   init length attrs members
----------  ----------- ---------- ----------- ----- -------
00000000    00000000    00005af0   00005af0    r-x
  00000000    00000000    0000026c   0000026c    r-- .intvecs
  0000026c    0000026c    00005782   00005782    r-x .text
  000059f0    000059f0    000000b4   000000b4    r-- .const
  00005aa8    00005aa8    00000048   00000048    r-- .cinit
20000000    20000000    00001f39   00000000    rw-
  20000000    20000000    00001cdd   00000000    rw- .bss
  20001ce0    20001ce0    00000200   00000000    rw- .stack
  20001ee0    20001ee0    00000059   00000000    rw- .data


SECTION ALLOCATION MAP

 output                                  attributes/
section   page    origin      length       input sections
--------  ----  ----------  ----------   ----------------
.intvecs   0    00000000    0000026c     
                  00000000    0000026c     startup_frt.obj (.intvecs)

.text      0    0000026c    00005782     
                  0000026c    00001d30     tasks.obj (.text)
                  00001f9c    00000f1c     UI_task.obj (.text)
                  00002eb8    00000bea     queue.obj (.text)
                  00003aa2    00000002     rtsv7M4_T_le_v4SPD16_eabi.lib : _lock.c.obj (.text:_nop)
                  00003aa4    00000884     elevator.obj (.text)
                  00004328    00000434     rotary_encoder.obj (.text)
                  0000475c    000003b4     lcd.obj (.text)
                  00004b10    00000224     key.obj (.text)
                  00004d34    000001d8     heap_2.obj (.text)
                  00004f0c    000001b8     main.obj (.text)
                  000050c4    0000013c     leds.obj (.text)
                  00005200    0000013c     port.obj (.text)
                  0000533c    0000012a     list.obj (.text)
                  00005466    00000002     --HOLE-- [fill = 0]
                  00005468    000000da     portasm.obj (.text)
                  00005542    00000002     --HOLE-- [fill = 0]
                  00005544    000000b0     gpio.obj (.text)
                  000055f4    000000a4     btn.obj (.text)
                  00005698    0000009c     rtsv7M4_T_le_v4SPD16_eabi.lib : memcpy_t2.asm.obj (.text)
                  00005734    00000090     adc.obj (.text)
                  000057c4    0000007a     rtsv7M4_T_le_v4SPD16_eabi.lib : memset_t2.asm.obj (.text)
                  0000583e    00000002     --HOLE-- [fill = 0]
                  00005840    0000006c     systick_frt.obj (.text)
                  000058ac    00000068     rtsv7M4_T_le_v4SPD16_eabi.lib : copy_decompress_lzss.c.obj (.text:decompress:lzss:__TI_decompress_lzss)
                  00005914    00000044                                   : autoinit.c.obj (.text:__TI_auto_init_nobinit_nopinit:__TI_auto_init_nobinit_nopinit)
                  00005958    00000034                                   : boot_cortex_m.c.obj (.text:_c_int00_noargs:_c_int00_noargs)
                  0000598c    00000034                                   : rand.c.obj (.text:rand)
                  000059c0    0000000e                                   : copy_decompress_none.c.obj (.text:decompress:none:__TI_decompress_none)
                  000059ce    0000000c                                   : copy_zero_init.c.obj (.text:decompress:ZI:__TI_zero_init)
                  000059da    0000000c     startup_frt.obj (.text)
                  000059e6    00000004     rtsv7M4_T_le_v4SPD16_eabi.lib : pre_init.c.obj (.text:_system_pre_init)
                  000059ea    00000004                                   : exit.c.obj (.text:abort:abort)

.const     0    000059f0    000000b4     
                  000059f0    00000011     UI_task.obj (.const:.string:$P$T1$8)
                  00005a01    00000011     UI_task.obj (.const:.string:$P$T9$16)
                  00005a12    0000000f     UI_task.obj (.const:.string:$P$T2$9)
                  00005a21    0000000f     UI_task.obj (.const:.string:$P$T3$10)
                  00005a30    0000000f     UI_task.obj (.const:.string:$P$T8$15)
                  00005a3f    0000000e     UI_task.obj (.const:.string:$P$T0$7)
                  00005a4d    0000000e     UI_task.obj (.const:.string:$P$T7$14)
                  00005a5b    0000000c     key.obj (.const:$P$T0$1)
                  00005a67    0000000b     UI_task.obj (.const:.string:$P$T4$11)
                  00005a72    0000000a     lcd.obj (.const:.string:LCD_init_sequense)
                  00005a7c    00000008     UI_task.obj (.const:.string:$P$T5$12)
                  00005a84    00000007     UI_task.obj (.const:.string:$P$T6$13)
                  00005a8b    00000005     UI_task.obj (.const:.string:$P$T10$17)
                  00005a90    00000005     UI_task.obj (.const:.string:$P$T11$18)
                  00005a95    00000005     UI_task.obj (.const:.string:$P$T12$19)
                  00005a9a    00000002     --HOLE-- [fill = 0]
                  00005a9c    00000004     port.obj (.const)
                  00005aa0    00000004     tasks.obj (.const)

.cinit     0    00005aa8    00000048     
                  00005aa8    00000020     (.cinit..data.load) [load image, compression = lzss]
                  00005ac8    0000000c     (__TI_handler_table)
                  00005ad4    00000004     --HOLE-- [fill = 0]
                  00005ad8    00000008     (.cinit..bss.load) [load image, compression = zero_init]
                  00005ae0    00000010     (__TI_cinit_table)

.init_array 
*          0    00000000    00000000     UNINITIALIZED

.bss       0    20000000    00001cdd     UNINITIALIZED
                  20000000    00001b58     heap_2.obj (.bss:ucHeap)
                  20001b58    000000c8     tasks.obj (.bss:pxReadyTasksLists)
                  20001c20    00000014     tasks.obj (.bss:xDelayedTaskList1)
                  20001c34    00000014     tasks.obj (.bss:xDelayedTaskList2)
                  20001c48    00000014     tasks.obj (.bss:xPendingReadyList)
                  20001c5c    00000014     tasks.obj (.bss:xSuspendedTaskList)
                  20001c70    00000014     tasks.obj (.bss:xTasksWaitingTermination)
                  20001c84    0000000c     (.common:data)
                  20001c90    00000008     tasks.obj (.bss)
                  20001c98    00000008     heap_2.obj (.bss:xEnd)
                  20001ca0    00000008     heap_2.obj (.bss:xStart)
                  20001ca8    00000004     (.common:data_adc)
                  20001cac    00000004     (.common:xQueue_button)
                  20001cb0    00000004     (.common:xQueue_elevator)
                  20001cb4    00000004     (.common:xQueue_encoder)
                  20001cb8    00000004     (.common:xQueue_keypad)
                  20001cbc    00000004     (.common:xQueue_lcd)
                  20001cc0    00000004     (.common:xSemaphore_ele_flr)
                  20001cc4    00000004     (.common:xSemaphore_ele_state)
                  20001cc8    00000004     (.common:xSemaphore_enc)
                  20001ccc    00000004     (.common:xSemaphore_keypad)
                  20001cd0    00000004     (.common:xSemaphore_lcd)
                  20001cd4    00000003     UI_task.obj (.bss)
                  20001cd7    00000003     elevator.obj (.bss)
                  20001cda    00000001     (.common:LCD_init)
                  20001cdb    00000001     (.common:elevator_state)
                  20001cdc    00000001     (.common:led_state)

.data      0    20001ee0    00000059     UNINITIALIZED
                  20001ee0    00000034     tasks.obj (.data)
                  20001f14    00000008     rtsv7M4_T_le_v4SPD16_eabi.lib : _lock.c.obj (.data:$O1$$)
                  20001f1c    00000008     heap_2.obj (.data)
                  20001f24    00000006     UI_task.obj (.data)
                  20001f2a    00000002     lcd.obj (.data)
                  20001f2c    00000004     port.obj (.data)
                  20001f30    00000004     rtsv7M4_T_le_v4SPD16_eabi.lib : rand.c.obj (.data)
                  20001f34    00000003     rotary_encoder.obj (.data)
                  20001f37    00000001     elevator.obj (.data)
                  20001f38    00000001     leds.obj (.data)

.stack     0    20001ce0    00000200     UNINITIALIZED
                  20001ce0    00000004     rtsv7M4_T_le_v4SPD16_eabi.lib : boot_cortex_m.c.obj (.stack)
                  20001ce4    000001fc     --HOLE--

__llvm_prf_cnts 
*          0    20000000    00000000     UNINITIALIZED

MODULE SUMMARY

       Module                       code    ro data   rw data
       ------                       ----    -------   -------
    .\
       tasks.obj                    7472    4         360    
       heap_2.obj                   472     0         7024   
       UI_task.obj                  3868    148       9      
       queue.obj                    3050    0         0      
       elevator.obj                 2180    0         6      
       rotary_encoder.obj           1076    0         15     
       lcd.obj                      948     10        3      
       startup_frt.obj              12      620       0      
       key.obj                      548     12        0      
       main.obj                     440     0         40     
       port.obj                     316     4         4      
       leds.obj                     316     0         1      
       list.obj                     298     0         0      
       portasm.obj                  218     0         0      
       gpio.obj                     176     0         0      
       btn.obj                      164     0         0      
       adc.obj                      144     0         4      
       systick_frt.obj              108     0         0      
    +--+----------------------------+-------+---------+---------+
       Total:                       21806   798       7466   
                                                             
    C:\ti\ccs1260\ccs\tools\compiler\ti-cgt-arm_20.2.7.LTS\lib\rtsv7M4_T_le_v4SPD16_eabi.lib
       memcpy_t2.asm.obj            156     0         0      
       memset_t2.asm.obj            122     0         0      
       copy_decompress_lzss.c.obj   104     0         0      
       autoinit.c.obj               68      0         0      
       rand.c.obj                   52      0         4      
       boot_cortex_m.c.obj          52      0         0      
       copy_decompress_none.c.obj   14      0         0      
       copy_zero_init.c.obj         12      0         0      
       _lock.c.obj                  2       0         8      
       exit.c.obj                   4       0         0      
       pre_init.c.obj               4       0         0      
    +--+----------------------------+-------+---------+---------+
       Total:                       590     0         12     
                                                             
       Stack:                       0       0         512    
       Linker Generated:            0       68        0      
    +--+----------------------------+-------+---------+---------+
       Grand Total:                 22396   866       7990   


LINKER GENERATED COPY TABLES

__TI_cinit_table @ 00005ae0 records: 2, size/record: 8, table size: 16
	.data: load addr=00005aa8, load size=00000020 bytes, run addr=20001ee0, run size=00000059 bytes, compression=lzss
	.bss: load addr=00005ad8, load size=00000008 bytes, run addr=20000000, run size=00001cdd bytes, compression=zero_init


LINKER GENERATED HANDLER TABLE

__TI_handler_table @ 00005ac8 records: 3, size/record: 4, table size: 12
	index: 0, handler: __TI_decompress_lzss
	index: 1, handler: __TI_decompress_none
	index: 2, handler: __TI_zero_init


GLOBAL SYMBOLS: SORTED ALPHABETICALLY BY Name 

address   name                               
-------   ----                               
000059eb  C$$EXIT                            
20001cda  LCD_init                           
00005a72  LCD_init_sequense                  
20001f2a  LCD_state                          
000059db  ResetISR                           
0000496d  Set_cursor                         
000020d9  UI_task                            
20001ee0  __STACK_END                        
00000200  __STACK_SIZE                       
20001ee0  __STACK_TOP                        
00005ae0  __TI_CINIT_Base                    
00005af0  __TI_CINIT_Limit                   
00005ac8  __TI_Handler_Table_Base            
00005ad4  __TI_Handler_Table_Limit           
00005915  __TI_auto_init_nobinit_nopinit     
000058ad  __TI_decompress_lzss               
000059c1  __TI_decompress_none               
ffffffff  __TI_pprof_out_hndl                
ffffffff  __TI_prof_data_size                
ffffffff  __TI_prof_data_start               
00000000  __TI_static_base__                 
000059cf  __TI_zero_init                     
000057c5  __aeabi_memclr                     
000057c5  __aeabi_memclr4                    
000057c5  __aeabi_memclr8                    
00005699  __aeabi_memcpy                     
00005699  __aeabi_memcpy4                    
00005699  __aeabi_memcpy8                    
000057c7  __aeabi_memset                     
000057c7  __aeabi_memset4                    
000057c7  __aeabi_memset8                    
ffffffff  __binit__                          
ffffffff  __c_args__                         
UNDEFED   __mpu_init                         
20001ce0  __stack                            
20000000  __start___llvm_prf_cnts            
20000000  __stop___llvm_prf_cnts             
00005959  _c_int00_noargs                    
20001f14  _lock                              
00003aa3  _nop                               
UNDEFED   _system_post_cinit                 
000059e7  _system_pre_init                   
20001f18  _unlock                            
000059eb  abort                              
0000573d  adc_task                           
ffffffff  binit                              
000055f5  button_pushed                      
00004329  change_int_to_char                 
00001f9d  change_int_to_char1                
00004be1  check_column                       
00004959  clr_LCD                            
00002071  convert_string_to_int              
20001c84  data                               
20001ca8  data_adc                           
20001cdb  elevator_state                     
00003aad  elevator_task                      
20001f34  encoder_cnt                        
00000000  g_pfnVectors                       
00005735  get_adc                            
00004b8b  get_keyboard                       
00005121  green_led_init                     
000043bf  handle_encoder                     
00004963  home_LCD                           
00005757  init_adc                           
00003aa5  init_elevator_state                
00005565  init_gpio                          
0000514f  init_leds                          
00005545  init_rot_enc                       
00004399  init_strct                         
00005841  init_systick                       
00004b5d  key_catch                          
00004c51  key_task                           
000049bd  lcd_task                           
20001cdc  led_state                          
0000515f  led_task                           
00004f95  main                               
00005699  memcpy                             
000057cd  memset                             
00004795  move_LCD                           
0000497d  out_LCD                            
000048ed  out_LCD_high                       
000048a3  out_LCD_low                        
00000d11  pcTaskGetName                      
00004d35  pvPortMalloc                       
000017c9  pvTaskIncrementMutexHeldCount      
20001ee0  pxCurrentTCB                       
00005201  pxPortInitialiseStack              
0000598d  rand                               
000050c5  red_led_init                       
0000457d  rotary_encoder_task                
00004b11  row                                
0000200f  string_to_LCD                      
00005609  switch_task                        
00005a9c  ulMaxSyscallInterruptPriority      
00005479  ulPortGetIPSR                      
000017e9  ulTaskGenericNotifyTake            
00001e59  ulTaskGenericNotifyValueClear      
0000541f  uxListRemove                       
000037f1  uxQueueMessagesWaiting             
00003827  uxQueueMessagesWaitingFromISR      
00003807  uxQueueSpacesAvailable             
00000d01  uxTaskGetNumberOfTasks             
00000621  uxTaskPriorityGet                  
0000064d  uxTaskPriorityGetFromISR           
000017a1  uxTaskResetEventItemValue          
00005aa0  uxTopUsedPriority                  
0000533d  vListInitialise                    
0000536d  vListInitialiseItem                
000053b9  vListInsert                        
0000537d  vListInsertEnd                     
00005535  vPortEnableVFP                     
000052a1  vPortEndScheduler                  
000052a3  vPortEnterCritical                 
000052c3  vPortExitCritical                  
00004e4d  vPortFree                          
00004eb1  vPortInitialiseBlocks              
000054f1  vPortSVCHandler                    
000052ff  vPortSetupTimerInterrupt           
00005511  vPortStartFirstTask                
0000383d  vQueueDelete                       
000005eb  vTaskDelay                         
000004a3  vTaskDelete                        
00000b17  vTaskEndScheduler                  
00001cb1  vTaskGenericNotifyGiveFromISR      
000012bd  vTaskInternalSetTimeOutState       
00001361  vTaskMissedYield                   
00000f9b  vTaskPlaceOnEventList              
00000fbd  vTaskPlaceOnUnorderedEventList     
000016a1  vTaskPriorityDisinheritAfterTimeout
000006a9  vTaskPrioritySet                   
00001195  vTaskRemoveFromUnorderedEventList  
0000092b  vTaskResume                        
0000129f  vTaskSetTimeOutState               
00000acd  vTaskStartScheduler                
00000801  vTaskSuspend                       
00000b33  vTaskSuspendAll                    
00000f39  vTaskSwitchContext                 
0000475d  wr_ch_LCD                          
00004903  wr_ctrl_LCD                        
0000488d  wr_ctrl_LCD_high                   
000047cb  wr_ctrl_LCD_low                    
00004777  wr_str_LCD                         
00004eab  xPortGetFreeHeapSize               
00005491  xPortPendSVHandler                 
0000526b  xPortStartScheduler                
000052d9  xPortSysTickHandler                
0000305b  xQueueCreateMutex                  
00002f8b  xQueueGenericCreate                
00002eb9  xQueueGenericReset                 
00003107  xQueueGenericSend                  
00003235  xQueueGenericSendFromISR           
000032d7  xQueueGiveFromISR                  
00003087  xQueueGiveMutexRecursive           
00003a37  xQueueIsQueueEmptyFromISR          
00003a7d  xQueueIsQueueFullFromISR           
000035e3  xQueuePeek                         
0000379f  xQueuePeekFromISR                  
0000336b  xQueueReceive                      
00003705  xQueueReceiveFromISR               
00003489  xQueueSemaphoreTake                
000030c3  xQueueTakeMutexRecursive           
20001cac  xQueue_button                      
20001cb0  xQueue_elevator                    
20001cb4  xQueue_encoder                     
20001cb8  xQueue_keypad                      
20001cbc  xQueue_lcd                         
20001cc0  xSemaphore_ele_flr                 
20001cc4  xSemaphore_ele_state               
20001cc8  xSemaphore_enc                     
20001ccc  xSemaphore_keypad                  
20001cd0  xSemaphore_lcd                     
00000d31  xTaskCatchUpTicks                  
000012dd  xTaskCheckForTimeOut               
0000026d  xTaskCreate                        
0000055b  xTaskDelayUntil                    
00001951  xTaskGenericNotify                 
00001ad9  xTaskGenericNotifyFromISR          
00001e09  xTaskGenericNotifyStateClear       
0000188f  xTaskGenericNotifyWait             
00001465  xTaskGetCurrentTaskHandle          
00000cd5  xTaskGetTickCount                  
00000ce9  xTaskGetTickCountFromISR           
00000d6d  xTaskIncrementTick                 
000015a9  xTaskPriorityDisinherit            
00001489  xTaskPriorityInherit               
00001035  xTaskRemoveFromEventList           
00000b49  xTaskResumeAll                     
000009f5  xTaskResumeFromISR                 
000050f3  yellow_led_init                    


GLOBAL SYMBOLS: SORTED BY Symbol Address 

address   name                               
-------   ----                               
00000000  __TI_static_base__                 
00000000  g_pfnVectors                       
00000200  __STACK_SIZE                       
0000026d  xTaskCreate                        
000004a3  vTaskDelete                        
0000055b  xTaskDelayUntil                    
000005eb  vTaskDelay                         
00000621  uxTaskPriorityGet                  
0000064d  uxTaskPriorityGetFromISR           
000006a9  vTaskPrioritySet                   
00000801  vTaskSuspend                       
0000092b  vTaskResume                        
000009f5  xTaskResumeFromISR                 
00000acd  vTaskStartScheduler                
00000b17  vTaskEndScheduler                  
00000b33  vTaskSuspendAll                    
00000b49  xTaskResumeAll                     
00000cd5  xTaskGetTickCount                  
00000ce9  xTaskGetTickCountFromISR           
00000d01  uxTaskGetNumberOfTasks             
00000d11  pcTaskGetName                      
00000d31  xTaskCatchUpTicks                  
00000d6d  xTaskIncrementTick                 
00000f39  vTaskSwitchContext                 
00000f9b  vTaskPlaceOnEventList              
00000fbd  vTaskPlaceOnUnorderedEventList     
00001035  xTaskRemoveFromEventList           
00001195  vTaskRemoveFromUnorderedEventList  
0000129f  vTaskSetTimeOutState               
000012bd  vTaskInternalSetTimeOutState       
000012dd  xTaskCheckForTimeOut               
00001361  vTaskMissedYield                   
00001465  xTaskGetCurrentTaskHandle          
00001489  xTaskPriorityInherit               
000015a9  xTaskPriorityDisinherit            
000016a1  vTaskPriorityDisinheritAfterTimeout
000017a1  uxTaskResetEventItemValue          
000017c9  pvTaskIncrementMutexHeldCount      
000017e9  ulTaskGenericNotifyTake            
0000188f  xTaskGenericNotifyWait             
00001951  xTaskGenericNotify                 
00001ad9  xTaskGenericNotifyFromISR          
00001cb1  vTaskGenericNotifyGiveFromISR      
00001e09  xTaskGenericNotifyStateClear       
00001e59  ulTaskGenericNotifyValueClear      
00001f9d  change_int_to_char1                
0000200f  string_to_LCD                      
00002071  convert_string_to_int              
000020d9  UI_task                            
00002eb9  xQueueGenericReset                 
00002f8b  xQueueGenericCreate                
0000305b  xQueueCreateMutex                  
00003087  xQueueGiveMutexRecursive           
000030c3  xQueueTakeMutexRecursive           
00003107  xQueueGenericSend                  
00003235  xQueueGenericSendFromISR           
000032d7  xQueueGiveFromISR                  
0000336b  xQueueReceive                      
00003489  xQueueSemaphoreTake                
000035e3  xQueuePeek                         
00003705  xQueueReceiveFromISR               
0000379f  xQueuePeekFromISR                  
000037f1  uxQueueMessagesWaiting             
00003807  uxQueueSpacesAvailable             
00003827  uxQueueMessagesWaitingFromISR      
0000383d  vQueueDelete                       
00003a37  xQueueIsQueueEmptyFromISR          
00003a7d  xQueueIsQueueFullFromISR           
00003aa3  _nop                               
00003aa5  init_elevator_state                
00003aad  elevator_task                      
00004329  change_int_to_char                 
00004399  init_strct                         
000043bf  handle_encoder                     
0000457d  rotary_encoder_task                
0000475d  wr_ch_LCD                          
00004777  wr_str_LCD                         
00004795  move_LCD                           
000047cb  wr_ctrl_LCD_low                    
0000488d  wr_ctrl_LCD_high                   
000048a3  out_LCD_low                        
000048ed  out_LCD_high                       
00004903  wr_ctrl_LCD                        
00004959  clr_LCD                            
00004963  home_LCD                           
0000496d  Set_cursor                         
0000497d  out_LCD                            
000049bd  lcd_task                           
00004b11  row                                
00004b5d  key_catch                          
00004b8b  get_keyboard                       
00004be1  check_column                       
00004c51  key_task                           
00004d35  pvPortMalloc                       
00004e4d  vPortFree                          
00004eab  xPortGetFreeHeapSize               
00004eb1  vPortInitialiseBlocks              
00004f95  main                               
000050c5  red_led_init                       
000050f3  yellow_led_init                    
00005121  green_led_init                     
0000514f  init_leds                          
0000515f  led_task                           
00005201  pxPortInitialiseStack              
0000526b  xPortStartScheduler                
000052a1  vPortEndScheduler                  
000052a3  vPortEnterCritical                 
000052c3  vPortExitCritical                  
000052d9  xPortSysTickHandler                
000052ff  vPortSetupTimerInterrupt           
0000533d  vListInitialise                    
0000536d  vListInitialiseItem                
0000537d  vListInsertEnd                     
000053b9  vListInsert                        
0000541f  uxListRemove                       
00005479  ulPortGetIPSR                      
00005491  xPortPendSVHandler                 
000054f1  vPortSVCHandler                    
00005511  vPortStartFirstTask                
00005535  vPortEnableVFP                     
00005545  init_rot_enc                       
00005565  init_gpio                          
000055f5  button_pushed                      
00005609  switch_task                        
00005699  __aeabi_memcpy                     
00005699  __aeabi_memcpy4                    
00005699  __aeabi_memcpy8                    
00005699  memcpy                             
00005735  get_adc                            
0000573d  adc_task                           
00005757  init_adc                           
000057c5  __aeabi_memclr                     
000057c5  __aeabi_memclr4                    
000057c5  __aeabi_memclr8                    
000057c7  __aeabi_memset                     
000057c7  __aeabi_memset4                    
000057c7  __aeabi_memset8                    
000057cd  memset                             
00005841  init_systick                       
000058ad  __TI_decompress_lzss               
00005915  __TI_auto_init_nobinit_nopinit     
00005959  _c_int00_noargs                    
0000598d  rand                               
000059c1  __TI_decompress_none               
000059cf  __TI_zero_init                     
000059db  ResetISR                           
000059e7  _system_pre_init                   
000059eb  C$$EXIT                            
000059eb  abort                              
00005a72  LCD_init_sequense                  
00005a9c  ulMaxSyscallInterruptPriority      
00005aa0  uxTopUsedPriority                  
00005ac8  __TI_Handler_Table_Base            
00005ad4  __TI_Handler_Table_Limit           
00005ae0  __TI_CINIT_Base                    
00005af0  __TI_CINIT_Limit                   
20000000  __start___llvm_prf_cnts            
20000000  __stop___llvm_prf_cnts             
20001c84  data                               
20001ca8  data_adc                           
20001cac  xQueue_button                      
20001cb0  xQueue_elevator                    
20001cb4  xQueue_encoder                     
20001cb8  xQueue_keypad                      
20001cbc  xQueue_lcd                         
20001cc0  xSemaphore_ele_flr                 
20001cc4  xSemaphore_ele_state               
20001cc8  xSemaphore_enc                     
20001ccc  xSemaphore_keypad                  
20001cd0  xSemaphore_lcd                     
20001cda  LCD_init                           
20001cdb  elevator_state                     
20001cdc  led_state                          
20001ce0  __stack                            
20001ee0  __STACK_END                        
20001ee0  __STACK_TOP                        
20001ee0  pxCurrentTCB                       
20001f14  _lock                              
20001f18  _unlock                            
20001f2a  LCD_state                          
20001f34  encoder_cnt                        
ffffffff  __TI_pprof_out_hndl                
ffffffff  __TI_prof_data_size                
ffffffff  __TI_prof_data_start               
ffffffff  __binit__                          
ffffffff  __c_args__                         
ffffffff  binit                              
UNDEFED   __mpu_init                         
UNDEFED   _system_post_cinit                 

[189 symbols]
